Component: ARM Compiler 5.06 update 7 (build 960) Tool: armlink [4d3601]

==============================================================================

Section Cross References

    startup_stm32f407xx.o(RESET) refers to startup_stm32f407xx.o(STACK) for __initial_sp
    startup_stm32f407xx.o(RESET) refers to startup_stm32f407xx.o(.text) for Reset_Handler
    startup_stm32f407xx.o(RESET) refers to stm32f4xx_it.o(i.NMI_Handler) for NMI_Handler
    startup_stm32f407xx.o(RESET) refers to stm32f4xx_it.o(i.HardFault_Handler) for HardFault_Handler
    startup_stm32f407xx.o(RESET) refers to stm32f4xx_it.o(i.MemManage_Handler) for MemManage_Handler
    startup_stm32f407xx.o(RESET) refers to stm32f4xx_it.o(i.BusFault_Handler) for BusFault_Handler
    startup_stm32f407xx.o(RESET) refers to stm32f4xx_it.o(i.UsageFault_Handler) for UsageFault_Handler
    startup_stm32f407xx.o(RESET) refers to port.o(.emb_text) for SVC_Handler
    startup_stm32f407xx.o(RESET) refers to stm32f4xx_it.o(i.DebugMon_Handler) for DebugMon_Handler
    startup_stm32f407xx.o(RESET) refers to port.o(i.SysTick_Handler) for SysTick_Handler
    startup_stm32f407xx.o(RESET) refers to stm32f4xx_it.o(i.RCC_IRQHandler) for RCC_IRQHandler
    startup_stm32f407xx.o(RESET) refers to stm32f4xx_it.o(i.TIM4_IRQHandler) for TIM4_IRQHandler
    startup_stm32f407xx.o(RESET) refers to stm32f4xx_it.o(i.USART1_IRQHandler) for USART1_IRQHandler
    startup_stm32f407xx.o(RESET) refers to stm32f4xx_it.o(i.TIM7_IRQHandler) for TIM7_IRQHandler
    startup_stm32f407xx.o(RESET) refers to stm32f4xx_it.o(i.USART6_IRQHandler) for USART6_IRQHandler
    startup_stm32f407xx.o(.text) refers to system_stm32f4xx.o(i.SystemInit) for SystemInit
    startup_stm32f407xx.o(.text) refers to entry.o(.ARM.Collect$$$$00000000) for __main
    main.o(i.Debugprintf) refers to printfa.o(i.__0vsnprintf) for vsnprintf
    main.o(i.Debugprintf) refers to strlen.o(.text) for strlen
    main.o(i.Debugprintf) refers to stm32f4xx_hal_uart.o(i.HAL_UART_Transmit) for HAL_UART_Transmit
    main.o(i.Debugprintf) refers to usart.o(.bss) for huart1
    main.o(i.HAL_TIM_PeriodElapsedCallback) refers to stm32f4xx_hal.o(i.HAL_IncTick) for HAL_IncTick
    main.o(i.HAL_TIM_PeriodElapsedCallback) refers to porttimer.o(i.prvvTIMERExpiredISR) for prvvTIMERExpiredISR
    main.o(i.SystemClock_Config) refers to memseta.o(.text) for __aeabi_memclr4
    main.o(i.SystemClock_Config) refers to stm32f4xx_hal_rcc.o(i.HAL_RCC_OscConfig) for HAL_RCC_OscConfig
    main.o(i.SystemClock_Config) refers to stm32f4xx_hal_rcc.o(i.HAL_RCC_ClockConfig) for HAL_RCC_ClockConfig
    main.o(i.fgetc) refers to stm32f4xx_hal_uart.o(i.HAL_UART_Receive) for HAL_UART_Receive
    main.o(i.fgetc) refers to usart.o(.bss) for huart6
    main.o(i.fputc) refers to stm32f4xx_hal_uart.o(i.HAL_UART_Transmit) for HAL_UART_Transmit
    main.o(i.fputc) refers to usart.o(.bss) for huart6
    main.o(i.main) refers to stm32f4xx_hal.o(i.HAL_Init) for HAL_Init
    main.o(i.main) refers to main.o(i.SystemClock_Config) for SystemClock_Config
    main.o(i.main) refers to gpio.o(i.MX_GPIO_Init) for MX_GPIO_Init
    main.o(i.main) refers to tim.o(i.MX_TIM4_Init) for MX_TIM4_Init
    main.o(i.main) refers to usart.o(i.MX_USART1_UART_Init) for MX_USART1_UART_Init
    main.o(i.main) refers to usart.o(i.MX_USART6_UART_Init) for MX_USART6_UART_Init
    main.o(i.main) refers to stm32f4xx_hal_gpio.o(i.HAL_GPIO_WritePin) for HAL_GPIO_WritePin
    main.o(i.main) refers to stm32f4xx_hal.o(i.HAL_Delay) for HAL_Delay
    main.o(i.main) refers to printfa.o(i.__0printf) for __2printf
    main.o(i.main) refers to as608.o(i.as608_init) for as608_init
    main.o(i.main) refers to as608_test.o(i.Show_Message) for Show_Message
    main.o(i.main) refers to freertos.o(i.MX_FREERTOS_Init) for MX_FREERTOS_Init
    main.o(i.main) refers to cmsis_os.o(i.osKernelStart) for osKernelStart
    gpio.o(i.MX_GPIO_Init) refers to memseta.o(.text) for __aeabi_memclr4
    gpio.o(i.MX_GPIO_Init) refers to stm32f4xx_hal_gpio.o(i.HAL_GPIO_WritePin) for HAL_GPIO_WritePin
    gpio.o(i.MX_GPIO_Init) refers to stm32f4xx_hal_gpio.o(i.HAL_GPIO_Init) for HAL_GPIO_Init
    freertos.o(i.MX_FREERTOS_Init) refers to cmsis_os.o(i.osTimerCreate) for osTimerCreate
    freertos.o(i.MX_FREERTOS_Init) refers to memcpya.o(.text) for __aeabi_memcpy4
    freertos.o(i.MX_FREERTOS_Init) refers to cmsis_os.o(i.osThreadCreate) for osThreadCreate
    freertos.o(i.MX_FREERTOS_Init) refers to freertos.o(.constdata) for .constdata
    freertos.o(i.MX_FREERTOS_Init) refers to freertos.o(.data) for .data
    freertos.o(i.Start_AS608_Task) refers to as608_test.o(i.FR_Task) for FR_Task
    freertos.o(i.Start_LED_Task) refers to stm32f4xx_hal_gpio.o(i.HAL_GPIO_TogglePin) for HAL_GPIO_TogglePin
    freertos.o(i.Start_LED_Task) refers to cmsis_os.o(i.osDelay) for osDelay
    freertos.o(i.Start_PWR_ON_FF) refers to pwr_on_off.o(i.PWR_ON_OFF) for PWR_ON_OFF
    freertos.o(i.Start_PWR_ON_FF) refers to cmsis_os.o(i.osDelay) for osDelay
[...]
    i.prvvTIMERExpiredISR                    0x08004ae0   Section        0  porttimer.o(i.prvvTIMERExpiredISR)
    i.prvvUARTRxISR                          0x08004aec   Section        0  portserial.o(i.prvvUARTRxISR)
    i.prvvUARTTxReadyISR                     0x08004af8   Section        0  portserial.o(i.prvvUARTTxReadyISR)
    i.pvPortMalloc                           0x08004b04   Section        0  heap_4.o(i.pvPortMalloc)
    i.pxPortInitialiseStack                  0x08004be0   Section        0  port.o(i.pxPortInitialiseStack)
    i.uxListRemove                           0x08004c0c   Section        0  list.o(i.uxListRemove)
    i.vApplicationGetIdleTaskMemory          0x08004c34   Section        0  freertos.o(i.vApplicationGetIdleTaskMemory)
    i.vApplicationGetTimerTaskMemory         0x08004c48   Section        0  freertos.o(i.vApplicationGetTimerTaskMemory)
    i.vListInitialise                        0x08004c60   Section        0  list.o(i.vListInitialise)
    i.vListInitialiseItem                    0x08004c76   Section        0  list.o(i.vListInitialiseItem)
    i.vListInsert                            0x08004c7c   Section        0  list.o(i.vListInsert)
    i.vListInsertEnd                         0x08004cac   Section        0  list.o(i.vListInsertEnd)
    i.vPortEnterCritical                     0x08004cc4   Section        0  port.o(i.vPortEnterCritical)
    i.vPortExitCritical                      0x08004d04   Section        0  port.o(i.vPortExitCritical)
    i.vPortFree                              0x08004d2c   Section        0  heap_4.o(i.vPortFree)
    i.vPortSetupTimerInterrupt               0x08004d90   Section        0  port.o(i.vPortSetupTimerInterrupt)
    i.vPortValidateInterruptPriority         0x08004db4   Section        0  port.o(i.vPortValidateInterruptPriority)
    i.vQueueAddToRegistry                    0x08004e08   Section        0  queue.o(i.vQueueAddToRegistry)
    i.vQueueWaitForMessageRestricted         0x08004e30   Section        0  queue.o(i.vQueueWaitForMessageRestricted)
    i.vTaskDelay                             0x08004e74   Section        0  tasks.o(i.vTaskDelay)
    i.vTaskInternalSetTimeOutState           0x08004ec0   Section        0  tasks.o(i.vTaskInternalSetTimeOutState)
    i.vTaskMissedYield                       0x08004ed0   Section        0  tasks.o(i.vTaskMissedYield)
    i.vTaskPlaceOnEventList                  0x08004edc   Section        0  tasks.o(i.vTaskPlaceOnEventList)
    i.vTaskPlaceOnEventListRestricted        0x08004f0c   Section        0  tasks.o(i.vTaskPlaceOnEventListRestricted)
    i.vTaskStartScheduler                    0x08004f44   Section        0  tasks.o(i.vTaskStartScheduler)
    i.vTaskSuspendAll                        0x08004fcc   Section        0  tasks.o(i.vTaskSuspendAll)
    i.vTaskSwitchContext                     0x08004fdc   Section        0  tasks.o(i.vTaskSwitchContext)
    i.xPortStartScheduler                    0x08005038   Section        0  port.o(i.xPortStartScheduler)
    i.xQueueGenericCreateStatic              0x0800512c   Section        0  queue.o(i.xQueueGenericCreateStatic)
    i.xQueueGenericReset                     0x08005194   Section        0  queue.o(i.xQueueGenericReset)
    i.xQueueGenericSend                      0x0800521c   Section        0  queue.o(i.xQueueGenericSend)
    i.xQueueGenericSendFromISR               0x0800537c   Section        0  queue.o(i.xQueueGenericSendFromISR)
    i.xQueueReceive                          0x0800543c   Section        0  queue.o(i.xQueueReceive)
    i.xTaskCheckForTimeOut                   0x08005574   Section        0  tasks.o(i.xTaskCheckForTimeOut)
    i.xTaskCreate                            0x080055e8   Section        0  tasks.o(i.xTaskCreate)
    i.xTaskCreateStatic                      0x08005642   Section        0  tasks.o(i.xTaskCreateStatic)
    i.xTaskGetSchedulerState                 0x08005698   Section        0  tasks.o(i.xTaskGetSchedulerState)
    i.xTaskGetTickCount                      0x080056b4   Section        0  tasks.o(i.xTaskGetTickCount)
    i.xTaskIncrementTick                     0x080056c0   Section        0  tasks.o(i.xTaskIncrementTick)
    i.xTaskPriorityDisinherit                0x0800578c   Section        0  tasks.o(i.xTaskPriorityDisinherit)
    i.xTaskRemoveFromEventList               0x08005824   Section        0  tasks.o(i.xTaskRemoveFromEventList)
    i.xTaskResumeAll                         0x08005898   Section        0  tasks.o(i.xTaskResumeAll)
    i.xTimerCreate                           0x0800595c   Section        0  timers.o(i.xTimerCreate)
    i.xTimerCreateStatic                     0x08005990   Section        0  timers.o(i.xTimerCreateStatic)
    i.xTimerCreateTimerTask                  0x080059c0   Section        0  timers.o(i.xTimerCreateTimerTask)
    i.xTimerGenericCommand                   0x08005a20   Section        0  timers.o(i.xTimerGenericCommand)
    .constdata                               0x08005a80   Section       92  freertos.o(.constdata)
    .constdata                               0x08005adc   Section       16  system_stm32f4xx.o(.constdata)
    .constdata                               0x08005aec   Section        8  system_stm32f4xx.o(.constdata)
    .constdata                               0x08005af4   Section       64  ctype_c.o(.constdata)
    .conststring                             0x08005b34   Section       33  freertos.o(.conststring)
    .conststring                             0x08005b58   Section       66  as608_test.o(.conststring)
    .data                                    0x20000000   Section       16  freertos.o(.data)
    .data                                    0x20000010   Section       12  stm32f4xx_hal.o(.data)
    .data                                    0x2000001c   Section        4  system_stm32f4xx.o(.data)
    .data                                    0x20000020   Section       60  tasks.o(.data)
    uxDeletedTasksWaitingCleanUp             0x20000024   Data           4  tasks.o(.data)
    uxCurrentNumberOfTasks                   0x20000028   Data           4  tasks.o(.data)
    xTickCount                               0x2000002c   Data           4  tasks.o(.data)
    uxTopReadyPriority                       0x20000030   Data           4  tasks.o(.data)
    xSchedulerRunning                        0x20000034   Data           4  tasks.o(.data)
    xPendedTicks                             0x20000038   Data           4  tasks.o(.data)
    xYieldPending                            0x2000003c   Data           4  tasks.o(.data)
    xNumOfOverflows                          0x20000040   Data           4  tasks.o(.data)
    uxTaskNumber                             0x20000044   Data           4  tasks.o(.data)
    xNextTaskUnblockTime                     0x20000048   Data           4  tasks.o(.data)
    xIdleTaskHandle                          0x2000004c   Data           4  tasks.o(.data)
    uxSchedulerSuspended                     0x20000050   Data           4  tasks.o(.data)
    pxDelayedTaskList                        0x20000054   Data           4  tasks.o(.data)
    pxOverflowDelayedTaskList                0x20000058   Data           4  tasks.o(.data)
    .data                                    0x2000005c   Section       20  timers.o(.data)
    xTimerQueue                              0x2000005c   Data           4  timers.o(.data)
    xTimerTaskHandle                         0x20000060   Data           4  timers.o(.data)
    xLastTime                                0x20000064   Data           4  timers.o(.data)
    pxCurrentTimerList                       0x20000068   Data           4  timers.o(.data)
    pxOverflowTimerList                      0x2000006c   Data           4  timers.o(.data)
    .data                                    0x20000070   Section       32  heap_4.o(.data)
    pxEnd                                    0x20000070   Data           4  heap_4.o(.data)
    xFreeBytesRemaining                      0x20000074   Data           4  heap_4.o(.data)
    xMinimumEverFreeBytesRemaining           0x20000078   Data           4  heap_4.o(.data)
    xNumberOfSuccessfulAllocations           0x2000007c   Data           4  heap_4.o(.data)
    xNumberOfSuccessfulFrees                 0x20000080   Data           4  heap_4.o(.data)
    xBlockAllocatedBit                       0x20000084   Data           4  heap_4.o(.data)
    xStart                                   0x20000088   Data           8  heap_4.o(.data)
    .data                                    0x20000090   Section       12  port.o(.data)
    ucMaxSysCallPriority                     0x20000090   Data           1  port.o(.data)
    uxCriticalNesting                        0x20000094   Data           4  port.o(.data)
    ulMaxPRIGROUPValue                       0x20000098   Data           4  port.o(.data)
    .data                                    0x2000009c   Section       18  as608.o(.data)
    .data                                    0x200000ae   Section        2  mbfuncother.o(.data)
    usMBSlaveIDLen                           0x200000ae   Data           2  mbfuncother.o(.data)
    .data                                    0x200000b0   Section        4  demo.o(.data)
    usRegInputStart                          0x200000b0   Data           2  demo.o(.data)
    usRegHoldingStart                        0x200000b2   Data           2  demo.o(.data)
    .data                                    0x200000b4   Section      172  mb.o(.data)
    eMBState                                 0x200000b4   Data           1  mb.o(.data)
    ucRcvAddress                             0x200000b5   Data           1  mb.o(.data)
    ucFunctionCode                           0x200000b6   Data           1  mb.o(.data)
    eException                               0x200000b7   Data           1  mb.o(.data)
    ucMBAddress                              0x200000b8   Data           1  mb.o(.data)
    eMBCurrentMode                           0x200000b9   Data           1  mb.o(.data)
    usLength                                 0x200000ba   Data           2  mb.o(.data)
    ucMBFrame                                0x200000bc   Data           4  mb.o(.data)
    peMBFrameSendCur                         0x200000c0   Data           4  mb.o(.data)
    pvMBFrameStartCur                        0x200000c4   Data           4  mb.o(.data)
    pvMBFrameStopCur                         0x200000c8   Data           4  mb.o(.data)
    peMBFrameReceiveCur                      0x200000cc   Data           4  mb.o(.data)
    pvMBFrameCloseCur                        0x200000d0   Data           4  mb.o(.data)
    xFuncHandlers                            0x200000e0   Data         128  mb.o(.data)
    .data                                    0x20000160   Section        4  stdin.o(.data)
    .data                                    0x20000164   Section        4  stdout.o(.data)
    .data                                    0x20000168   Section        3  fgetc_b.o(.data)
    ungetc_sp                                0x20000168   Data           1  fgetc_b.o(.data)
    ungetc_stack                             0x20000169   Data           2  fgetc_b.o(.data)
    .bss                                     0x2000016c   Section     1704  freertos.o(.bss)
    xIdleTaskTCBBuffer                       0x2000016c   Data          84  freertos.o(.bss)
    xIdleStack                               0x200001c0   Data         512  freertos.o(.bss)
    xTimerTaskTCBBuffer                      0x200003c0   Data          84  freertos.o(.bss)
    xTimerStack                              0x20000414   Data        1024  freertos.o(.bss)
    .bss                                     0x20000814   Section       72  tim.o(.bss)
    .bss                                     0x2000085c   Section      136  usart.o(.bss)
    .bss                                     0x200008e4   Section       72  stm32f4xx_hal_timebase_tim.o(.bss)
    .bss                                     0x2000092c   Section       64  queue.o(.bss)
    .bss                                     0x2000096c   Section      240  tasks.o(.bss)
    pxReadyTasksLists                        0x2000096c   Data         140  tasks.o(.bss)
    xDelayedTaskList1                        0x200009f8   Data          20  tasks.o(.bss)
    xDelayedTaskList2                        0x20000a0c   Data          20  tasks.o(.bss)
    xPendingReadyList                        0x20000a20   Data          20  tasks.o(.bss)
    xTasksWaitingTermination                 0x20000a34   Data          20  tasks.o(.bss)
    xSuspendedTaskList                       0x20000a48   Data          20  tasks.o(.bss)
    .bss                                     0x20000a5c   Section      232  timers.o(.bss)
    xStaticTimerQueue                        0x20000a5c   Data          72  timers.o(.bss)
    ucStaticTimerQueueStorage                0x20000aa4   Data         120  timers.o(.bss)
    xActiveTimerList1                        0x20000b1c   Data          20  timers.o(.bss)
    xActiveTimerList2                        0x20000b30   Data          20  timers.o(.bss)
    .bss                                     0x20000b44   Section    15360  heap_4.o(.bss)
    ucHeap                                   0x20000b44   Data       15360  heap_4.o(.bss)
    .bss                                     0x20004744   Section      400  as608.o(.bss)
    .bss                                     0x200048d4   Section       32  mbfuncother.o(.bss)
    ucMBSlaveID                              0x200048d4   Data          32  mbfuncother.o(.bss)
    .bss                                     0x200048f4   Section      210  demo.o(.bss)
    STACK                                    0x200049c8   Section     1024  startup_stm32f407xx.o(STACK)

    Global Symbols

    Symbol Name                              Value     Ov Type        Size  Object(Section)

    BuildAttributes$$THM_ISAv4$E$P$D$K$B$S$7EM$VFPi3$EXTD16$VFPS$VFMA$PE$A:L22UL41UL21$X:L11$S22US41US21$IEEE1$IW$USESV6$~STKCKD$USESV7$~SHL$OSPACE$ROPI$EBA8$MICROLIB$REQ8$PRES8$EABIv2 0x00000000   Number         0  anon$$obj.o ABSOLUTE
    __ARM_use_no_argv                        0x00000000   Number         0  main.o ABSOLUTE
    _printf_a                                0x00000000   Number         0  stubs.o ABSOLUTE
    _printf_c                                0x00000000   Number         0  stubs.o ABSOLUTE
    _printf_charcount                        0x00000000   Number         0  stubs.o ABSOLUTE
    _printf_d                                0x00000000   Number         0  stubs.o ABSOLUTE
    _printf_e                                0x00000000   Number         0  stubs.o ABSOLUTE
    _printf_f                                0x00000000   Number         0  stubs.o ABSOLUTE
    _printf_flags                            0x00000000   Number         0  stubs.o ABSOLUTE
    _printf_fp_dec                           0x00000000   Number         0  stubs.o ABSOLUTE
    _printf_fp_hex                           0x00000000   Number         0  stubs.o ABSOLUTE
    _printf_g                                0x00000000   Number         0  stubs.o ABSOLUTE
    _printf_i                                0x00000000   Number         0  stubs.o ABSOLUTE
    _printf_int_dec                          0x00000000   Number         0  stubs.o ABSOLUTE
    _printf_l                                0x00000000   Number         0  stubs.o ABSOLUTE
    _printf_lc                               0x00000000   Number         0  stubs.o ABSOLUTE
    _printf_ll                               0x00000000   Number         0  stubs.o ABSOLUTE
    _printf_lld                              0x00000000   Number         0  stubs.o ABSOLUTE
    _printf_lli                              0x00000000   Number         0  stubs.o ABSOLUTE
    _printf_llo                              0x00000000   Number         0  stubs.o ABSOLUTE
    _printf_llu                              0x00000000   Number         0  stubs.o ABSOLUTE
    _printf_llx                              0x00000000   Number         0  stubs.o ABSOLUTE
    _printf_longlong_dec                     0x00000000   Number         0  stubs.o ABSOLUTE
    _printf_longlong_hex                     0x00000000   Number         0  stubs.o ABSOLUTE
    _printf_longlong_oct                     0x00000000   Number         0  stubs.o ABSOLUTE
    _printf_ls                               0x00000000   Number         0  stubs.o ABSOLUTE
    _printf_mbtowc                           0x00000000   Number         0  stubs.o ABSOLUTE
    _printf_n                                0x00000000   Number         0  stubs.o ABSOLUTE
    _printf_o                                0x00000000   Number         0  stubs.o ABSOLUTE
    _printf_p                                0x00000000   Number         0  stubs.o ABSOLUTE
    _printf_percent                          0x00000000   Number         0  stubs.o ABSOLUTE
    _printf_pre_padding                      0x00000000   Number         0  stubs.o ABSOLUTE
    _printf_return_value                     0x00000000   Number         0  stubs.o ABSOLUTE
    _printf_s                                0x00000000   Number         0  stubs.o ABSOLUTE
    _printf_sizespec                         0x00000000   Number         0  stubs.o ABSOLUTE
    _printf_str                              0x00000000   Number         0  stubs.o ABSOLUTE
    _printf_truncate_signed                  0x00000000   Number         0  stubs.o ABSOLUTE
    _printf_truncate_unsigned                0x00000000   Number         0  stubs.o ABSOLUTE
    _printf_u                                0x00000000   Number         0  stubs.o ABSOLUTE
    _printf_wc                               0x00000000   Number         0  stubs.o ABSOLUTE
    _printf_wctomb                           0x00000000   Number         0  stubs.o ABSOLUTE
    _printf_widthprec                        0x00000000   Number         0  stubs.o ABSOLUTE
    _printf_x                                0x00000000   Number         0  stubs.o ABSOLUTE
    __arm_fini_                               - Undefined Weak Reference
    __cpp_initialize__aeabi_                  - Undefined Weak Reference
    __cxa_finalize                            - Undefined Weak Reference
    _clock_init                               - Undefined Weak Reference
    _microlib_exit                            - Undefined Weak Reference
    _scanf_longlong                           - Undefined Weak Reference
    _scanf_real                               - Undefined Weak Reference
    _scanf_string                             - Undefined Weak Reference
    __Vectors_Size                           0x00000188   Number         0  startup_stm32f407xx.o ABSOLUTE
    __Vectors                                0x08000000   Data           4  startup_stm32f407xx.o(RESET)
    __Vectors_End                            0x08000188   Data           0  startup_stm32f407xx.o(RESET)
    __main                                   0x08000189   Thumb Code     0  entry.o(.ARM.Collect$$$$00000000)
    _main_stk                                0x08000189   Thumb Code     0  entry2.o(.ARM.Collect$$$$00000001)
    _main_scatterload                        0x0800018d   Thumb Code     0  entry5.o(.ARM.Collect$$$$00000004)
    __main_after_scatterload                 0x08000191   Thumb Code     0  entry5.o(.ARM.Collect$$$$00000004)
    _main_clock                              0x08000191   Thumb Code     0  entry7b.o(.ARM.Collect$$$$00000008)
    _main_cpp_init                           0x08000191   Thumb Code     0  entry8b.o(.ARM.Collect$$$$0000000A)
    _main_init                               0x08000191   Thumb Code     0  entry9a.o(.ARM.Collect$$$$0000000B)
    __rt_lib_shutdown_fini                   0x08000199   Thumb Code     0  entry12b.o(.ARM.Collect$$$$0000000E)
    __rt_final_cpp                           0x0800019d   Thumb Code     0  entry10a.o(.ARM.Collect$$$$0000000F)
    __rt_final_exit                          0x0800019d   Thumb Code     0  entry11a.o(.ARM.Collect$$$$00000011)
    SVC_Handler                              0x080001a1   Thumb Code    28  port.o(.emb_text)
    __asm___6_port_c_39a90d8d__prvStartFirstTask 0x080001c1   Thumb Code    36  port.o(.emb_text)
    __asm___6_port_c_39a90d8d__prvEnableVFP  0x080001e9   Thumb Code    16  port.o(.emb_text)
    PendSV_Handler                           0x080001fd   Thumb Code    88  port.o(.emb_text)
    vPortGetIPSR                             0x08000259   Thumb Code     6  port.o(.emb_text)
    Reset_Handler                            0x08000261   Thumb Code     8  startup_stm32f407xx.o(.text)
    ADC_IRQHandler                           0x0800027b   Thumb Code     0  startup_stm32f407xx.o(.text)
    CAN1_RX0_IRQHandler                      0x0800027b   Thumb Code     0  startup_stm32f407xx.o(.text)
    CAN1_RX1_IRQHandler                      0x0800027b   Thumb Code     0  startup_stm32f407xx.o(.text)
    CAN1_SCE_IRQHandler                      0x0800027b   Thumb Code     0  startup_stm32f407xx.o(.text)
    CAN1_TX_IRQHandler                       0x0800027b   Thumb Code     0  startup_stm32f407xx.o(.text)
    CAN2_RX0_IRQHandler                      0x0800027b   Thumb Code     0  startup_stm32f407xx.o(.text)
    CAN2_RX1_IRQHandler                      0x0800027b   Thumb Code     0  startup_stm32f407xx.o(.text)
    CAN2_SCE_IRQHandler                      0x0800027b   Thumb Code     0  startup_stm32f407xx.o(.text)
    CAN2_TX_IRQHandler                       0x0800027b   Thumb Code     0  startup_stm32f407xx.o(.text)
    DCMI_IRQHandler                          0x0800027b   Thumb Code     0  startup_stm32f407xx.o(.text)
    DMA1_Stream0_IRQHandler                  0x0800027b   Thumb Code     0  startup_stm32f407xx.o(.text)
    DMA1_Stream1_IRQHandler                  0x0800027b   Thumb Code     0  startup_stm32f407xx.o(.text)
    DMA1_Stream2_IRQHandler                  0x0800027b   Thumb Code     0  startup_stm32f407xx.o(.text)
    DMA1_Stream3_IRQHandler                  0x0800027b   Thumb Code     0  startup_stm32f407xx.o(.text)
    DMA1_Stream4_IRQHandler                  0x0800027b   Thumb Code     0  startup_stm32f407xx.o(.text)
    DMA1_Stream5_IRQHandler                  0x0800027b   Thumb Code     0  startup_stm32f407xx.o(.text)
    DMA1_Stream6_IRQHandler                  0x0800027b   Thumb Code     0  startup_stm32f407xx.o(.text)
    DMA1_Stream7_IRQHandler                  0x0800027b   Thumb Code     0  startup_stm32f407xx.o(.text)
    DMA2_Stream0_IRQHandler                  0x0800027b   Thumb Code     0  startup_stm32f407xx.o(.text)
    DMA2_Stream1_IRQHandler                  0x0800027b   Thumb Code     0  startup_stm32f407xx.o(.text)
    DMA2_Stream2_IRQHandler                  0x0800027b   Thumb Code     0  startup_stm32f407xx.o(.text)
    DMA2_Stream3_IRQHandler                  0x0800027b   Thumb Code     0  startup_stm32f407xx.o(.text)
    DMA2_Stream4_IRQHandler                  0x0800027b   Thumb Code     0  startup_stm32f407xx.o(.text)
    DMA2_Stream5_IRQHandler                  0x0800027b   Thumb Code     0  startup_stm32f407xx.o(.text)
    DMA2_Stream6_IRQHandler                  0x0800027b   Thumb Code     0  startup_stm32f407xx.o(.text)
    DMA2_Stream7_IRQHandler                  0x0800027b   Thumb Code     0  startup_stm32f407xx.o(.text)
    ETH_IRQHandler                           0x0800027b   Thumb Code     0  startup_stm32f407xx.o(.text)
    ETH_WKUP_IRQHandler                      0x0800027b   Thumb Code     0  startup_stm32f407xx.o(.text)
    EXTI0_IRQHandler                         0x0800027b   Thumb Code     0  startup_stm32f407xx.o(.text)
    EXTI15_10_IRQHandler                     0x0800027b   Thumb Code     0  startup_stm32f407xx.o(.text)
    EXTI1_IRQHandler                         0x0800027b   Thumb Code     0  startup_stm32f407xx.o(.text)
    EXTI2_IRQHandler                         0x0800027b   Thumb Code     0  startup_stm32f407xx.o(.text)
    EXTI3_IRQHandler                         0x0800027b   Thumb Code     0  startup_stm32f407xx.o(.text)
    EXTI4_IRQHandler                         0x0800027b   Thumb Code     0  startup_stm32f407xx.o(.text)
    EXTI9_5_IRQHandler                       0x0800027b   Thumb Code     0  startup_stm32f407xx.o(.text)
    FLASH_IRQHandler                         0x0800027b   Thumb Code     0  startup_stm32f407xx.o(.text)
    FMC_IRQHandler                           0x0800027b   Thumb Code     0  startup_stm32f407xx.o(.text)
    FPU_IRQHandler                           0x0800027b   Thumb Code     0  startup_stm32f407xx.o(.text)
    HASH_RNG_IRQHandler                      0x0800027b   Thumb Code     0  startup_stm32f407xx.o(.text)
    I2C1_ER_IRQHandler                       0x0800027b   Thumb Code     0  startup_stm32f407xx.o(.text)
    I2C1_EV_IRQHandler                       0x0800027b   Thumb Code     0  startup_stm32f407xx.o(.text)
    I2C2_ER_IRQHandler                       0x0800027b   Thumb Code     0  startup_stm32f407xx.o(.text)
    I2C2_EV_IRQHandler                       0x0800027b   Thumb Code     0  startup_stm32f407xx.o(.text)
    I2C3_ER_IRQHandler                       0x0800027b   Thumb Code     0  startup_stm32f407xx.o(.text)
    I2C3_EV_IRQHandler                       0x0800027b   Thumb Code     0  startup_stm32f407xx.o(.text)
    OTG_FS_IRQHandler                        0x0800027b   Thumb Code     0  startup_stm32f407xx.o(.text)
    OTG_FS_WKUP_IRQHandler                   0x0800027b   Thumb Code     0  startup_stm32f407xx.o(.text)
    OTG_HS_EP1_IN_IRQHandler                 0x0800027b   Thumb Code     0  startup_stm32f407xx.o(.text)
    OTG_HS_EP1_OUT_IRQHandler                0x0800027b   Thumb Code     0  startup_stm32f407xx.o(.text)
    OTG_HS_IRQHandler                        0x0800027b   Thumb Code     0  startup_stm32f407xx.o(.text)
    OTG_HS_WKUP_IRQHandler                   0x0800027b   Thumb Code     0  startup_stm32f407xx.o(.text)
    PVD_IRQHandler                           0x0800027b   Thumb Code     0  startup_stm32f407xx.o(.text)
    RTC_Alarm_IRQHandler                     0x0800027b   Thumb Code     0  startup_stm32f407xx.o(.text)
    RTC_WKUP_IRQHandler                      0x0800027b   Thumb Code     0  startup_stm32f407xx.o(.text)
    SDIO_IRQHandler                          0x0800027b   Thumb Code     0  startup_stm32f407xx.o(.text)
    SPI1_IRQHandler                          0x0800027b   Thumb Code     0  startup_stm32f407xx.o(.text)
    SPI2_IRQHandler                          0x0800027b   Thumb Code     0  startup_stm32f407xx.o(.text)
    SPI3_IRQHandler                          0x0800027b   Thumb Code     0  startup_stm32f407xx.o(.text)
    TAMP_STAMP_IRQHandler                    0x0800027b   Thumb Code     0  startup_stm32f407xx.o(.text)
    TIM1_BRK_TIM9_IRQHandler                 0x0800027b   Thumb Code     0  startup_stm32f407xx.o(.text)
    TIM1_CC_IRQHandler                       0x0800027b   Thumb Code     0  startup_stm32f407xx.o(.text)
    TIM1_TRG_COM_TIM11_IRQHandler            0x0800027b   Thumb Code     0  startup_stm32f407xx.o(.text)
    TIM1_UP_TIM10_IRQHandler                 0x0800027b   Thumb Code     0  startup_stm32f407xx.o(.text)
    TIM2_IRQHandler                          0x0800027b   Thumb Code     0  startup_stm32f407xx.o(.text)
    TIM3_IRQHandler                          0x0800027b   Thumb Code     0  startup_stm32f407xx.o(.text)
    TIM5_IRQHandler                          0x0800027b   Thumb Code     0  startup_stm32f407xx.o(.text)
    TIM6_DAC_IRQHandler                      0x0800027b   Thumb Code     0  startup_stm32f407xx.o(.text)
    TIM8_BRK_TIM12_IRQHandler                0x0800027b   Thumb Code     0  startup_stm32f407xx.o(.text)
    TIM8_CC_IRQHandler                       0x0800027b   Thumb Code     0  startup_stm32f407xx.o(.text)
    TIM8_TRG_COM_TIM14_IRQHandler            0x0800027b   Thumb Code     0  startup_stm32f407xx.o(.text)
    TIM8_UP_TIM13_IRQHandler                 0x0800027b   Thumb Code     0  startup_stm32f407xx.o(.text)
    UART4_IRQHandler                         0x0800027b   Thumb Code     0  startup_stm32f407xx.o(.text)
    UART5_IRQHandler                         0x0800027b   Thumb Code     0  startup_stm32f407xx.o(.text)
    USART2_IRQHandler                        0x0800027b   Thumb Code     0  startup_stm32f407xx.o(.text)
    USART3_IRQHandler                        0x0800027b   Thumb Code     0  startup_stm32f407xx.o(.text)
    WWDG_IRQHandler                          0x0800027b   Thumb Code     0  startup_stm32f407xx.o(.text)
    __aeabi_uldivmod                         0x08000285   Thumb Code    98  uldiv.o(.text)
    __aeabi_memcpy                           0x080002e7   Thumb Code    36  memcpya.o(.text)
    __aeabi_memcpy4                          0x080002e7   Thumb Code     0  memcpya.o(.text)
    __aeabi_memcpy8                          0x080002e7   Thumb Code     0  memcpya.o(.text)
    __aeabi_memset                           0x0800030b   Thumb Code    14  memseta.o(.text)
    __aeabi_memset4                          0x0800030b   Thumb Code     0  memseta.o(.text)
    __aeabi_memset8                          0x0800030b   Thumb Code     0  memseta.o(.text)
    __aeabi_memclr                           0x08000319   Thumb Code     4  memseta.o(.text)
    __aeabi_memclr4                          0x08000319   Thumb Code     0  memseta.o(.text)
    __aeabi_memclr8                          0x08000319   Thumb Code     0  memseta.o(.text)
    memset                                   0x0800031d   Thumb Code    18  memseta.o(.text)
    strstr                                   0x0800032f   Thumb Code    36  strstr.o(.text)
    __0scanf                                 0x08000355   Thumb Code    26  __0scanf.o(.text)
    _scanf_int                               0x08000375   Thumb Code   332  _scanf_int.o(.text)
    __aeabi_uidiv                            0x080004c1   Thumb Code     0  uidiv.o(.text)
    __aeabi_uidivmod                         0x080004c1   Thumb Code    44  uidiv.o(.text)
    __aeabi_llsl                             0x080004ed   Thumb Code    30  llshl.o(.text)
    _ll_shift_l                              0x080004ed   Thumb Code     0  llshl.o(.text)
    __aeabi_llsr                             0x0800050b   Thumb Code    32  llushr.o(.text)
    _ll_ushift_r                             0x0800050b   Thumb Code     0  llushr.o(.text)
    _chval                                   0x0800052b   Thumb Code    28  _chval.o(.text)
    __vfscanf_char_file                      0x08000549   Thumb Code    12  scanf_char_file.o(.text)
    __I$use$fp                               0x0800055d   Thumb Code     0  iusefp.o(.text)
    __aeabi_dadd                             0x0800055d   Thumb Code   322  dadd.o(.text)
    __aeabi_dsub                             0x0800069f   Thumb Code     6  dadd.o(.text)
    __aeabi_drsub                            0x080006a5   Thumb Code     6  dadd.o(.text)
    __aeabi_dmul                             0x080006ab   Thumb Code   228  dmul.o(.text)
    __aeabi_ddiv                             0x0800078f   Thumb Code   222  ddiv.o(.text)
    __aeabi_d2ulz                            0x0800086d   Thumb Code    48  dfixul.o(.text)
    __aeabi_cdrcmple                         0x0800089d   Thumb Code    48  cdrcmple.o(.text)
    __scatterload                            0x080008cd   Thumb Code    28  init.o(.text)
    __scatterload_rt2                        0x080008cd   Thumb Code     0  init.o(.text)
    _fgetc$bs                                0x080008f1   Thumb Code    28  fgetc_b.o(.text)
    __backspace                              0x0800090d   Thumb Code    10  fgetc_b.o(.text)
    __aeabi_lasr                             0x0800091d   Thumb Code    36  llsshr.o(.text)
    _ll_sshift_r                             0x0800091d   Thumb Code     0  llsshr.o(.text)
    __vfscanf_char                           0x0800094d   Thumb Code    20  scanf_char.o(.text)
    _double_round                            0x08000969   Thumb Code    30  depilogue.o(.text)
    _double_epilogue                         0x08000987   Thumb Code   156  depilogue.o(.text)
    __semihosting_library_function           0x08000a23   Thumb Code     0  semi.o(.text)
    isspace                                  0x08000a23   Thumb Code    10  isspace_c.o(.text)
    __vfscanf                                0x08000a2d   Thumb Code   810  _scanf.o(.text)
    __I$use$semihosting$fgetc                0x08000d5d   Thumb Code     0  iusesemig.o(.text)
    __ctype_lookup                           0x08000d5d   Thumb Code    34  ctype_c.o(.text)
    __decompress                             0x08000d85   Thumb Code     0  __dczerorl2.o(.text)
    __decompress1                            0x08000d85   Thumb Code    86  __dczerorl2.o(.text)
    Add_FR                                   0x08000ddd   Thumb Code   262  as608.o(i.Add_FR)
    BusFault_Handler                         0x08000f7d   Thumb Code     2  stm32f4xx_it.o(i.BusFault_Handler)
    Callback01                               0x08000f7f   Thumb Code     2  freertos.o(i.Callback01)
    DebugMon_Handler                         0x08000f81   Thumb Code     2  stm32f4xx_it.o(i.DebugMon_Handler)
    Del_FR                                   0x08000f85   Thumb Code    44  as608.o(i.Del_FR)
    Del_FR_Lib                               0x08000fe1   Thumb Code    40  as608.o(i.Del_FR_Lib)
    EnsureMessage                            0x08001031   Thumb Code   130  as608.o(i.EnsureMessage)
    Error_Handler                            0x0800126d   Thumb Code     4  main.o(i.Error_Handler)
    FR_Task                                  0x08001271   Thumb Code    82  as608_test.o(i.FR_Task)
    HAL_DMA_Abort                            0x080012f5   Thumb Code   146  stm32f4xx_hal_dma.o(i.HAL_DMA_Abort)
    HAL_DMA_Abort_IT                         0x08001387   Thumb Code    36  stm32f4xx_hal_dma.o(i.HAL_DMA_Abort_IT)
    HAL_Delay                                0x080013ad   Thumb Code    32  stm32f4xx_hal.o(i.HAL_Delay)
    HAL_GPIO_Init                            0x080013d1   Thumb Code   450  stm32f4xx_hal_gpio.o(i.HAL_GPIO_Init)
    HAL_GPIO_ReadPin                         0x080015c1   Thumb Code    10  stm32f4xx_hal_gpio.o(i.HAL_GPIO_ReadPin)
    HAL_GPIO_TogglePin                       0x080015cb   Thumb Code    16  stm32f4xx_hal_gpio.o(i.HAL_GPIO_TogglePin)
    HAL_GPIO_WritePin                        0x080015db   Thumb Code    10  stm32f4xx_hal_gpio.o(i.HAL_GPIO_WritePin)
    HAL_GetTick                              0x080015e5   Thumb Code     6  stm32f4xx_hal.o(i.HAL_GetTick)
    HAL_IncTick                              0x080015f1   Thumb Code    12  stm32f4xx_hal.o(i.HAL_IncTick)
    HAL_Init                                 0x08001601   Thumb Code    48  stm32f4xx_hal.o(i.HAL_Init)
    HAL_InitTick                             0x08001635   Thumb Code   100  stm32f4xx_hal_timebase_tim.o(i.HAL_InitTick)
    HAL_MspInit                              0x080016a9   Thumb Code    70  stm32f4xx_hal_msp.o(i.HAL_MspInit)
    HAL_NVIC_ClearPendingIRQ                 0x080016f5   Thumb Code    26  stm32f4xx_hal_cortex.o(i.HAL_NVIC_ClearPendingIRQ)
    HAL_NVIC_EnableIRQ                       0x0800170f   Thumb Code    26  stm32f4xx_hal_cortex.o(i.HAL_NVIC_EnableIRQ)
    HAL_NVIC_SetPriority                     0x08001729   Thumb Code    60  stm32f4xx_hal_cortex.o(i.HAL_NVIC_SetPriority)
    HAL_NVIC_SetPriorityGrouping             0x08001769   Thumb Code    26  stm32f4xx_hal_cortex.o(i.HAL_NVIC_SetPriorityGrouping)
    HAL_RCC_ClockConfig                      0x0800178d   Thumb Code   288  stm32f4xx_hal_rcc.o(i.HAL_RCC_ClockConfig)
    HAL_RCC_GetClockConfig                   0x080018c1   Thumb Code    54  stm32f4xx_hal_rcc.o(i.HAL_RCC_GetClockConfig)
    HAL_RCC_GetPCLK1Freq                     0x08001901   Thumb Code    20  stm32f4xx_hal_rcc.o(i.HAL_RCC_GetPCLK1Freq)
    HAL_RCC_GetPCLK2Freq                     0x08001921   Thumb Code    20  stm32f4xx_hal_rcc.o(i.HAL_RCC_GetPCLK2Freq)
    HAL_RCC_GetSysClockFreq                  0x08001941   Thumb Code    88  stm32f4xx_hal_rcc.o(i.HAL_RCC_GetSysClockFreq)
    HAL_RCC_OscConfig                        0x080019a1   Thumb Code   856  stm32f4xx_hal_rcc.o(i.HAL_RCC_OscConfig)
    HAL_TIMEx_BreakCallback                  0x08001d0d   Thumb Code     2  stm32f4xx_hal_tim_ex.o(i.HAL_TIMEx_BreakCallback)
    HAL_TIMEx_CommutCallback                 0x08001d0f   Thumb Code     2  stm32f4xx_hal_tim_ex.o(i.HAL_TIMEx_CommutCallback)
    HAL_TIMEx_MasterConfigSynchronization    0x08001d11   Thumb Code   116  stm32f4xx_hal_tim_ex.o(i.HAL_TIMEx_MasterConfigSynchronization)
    HAL_TIM_Base_Init                        0x08001da1   Thumb Code    90  stm32f4xx_hal_tim.o(i.HAL_TIM_Base_Init)
    HAL_TIM_Base_MspInit                     0x08001dfd   Thumb Code    50  tim.o(i.HAL_TIM_Base_MspInit)
    HAL_TIM_Base_Start_IT                    0x08001e39   Thumb Code   100  stm32f4xx_hal_tim.o(i.HAL_TIM_Base_Start_IT)
    HAL_TIM_ConfigClockSource                0x08001eb9   Thumb Code   220  stm32f4xx_hal_tim.o(i.HAL_TIM_ConfigClockSource)
    HAL_TIM_IC_CaptureCallback               0x08001f95   Thumb Code     2  stm32f4xx_hal_tim.o(i.HAL_TIM_IC_CaptureCallback)
    HAL_TIM_IRQHandler                       0x08001f97   Thumb Code   358  stm32f4xx_hal_tim.o(i.HAL_TIM_IRQHandler)
    HAL_TIM_OC_DelayElapsedCallback          0x080020fd   Thumb Code     2  stm32f4xx_hal_tim.o(i.HAL_TIM_OC_DelayElapsedCallback)
    HAL_TIM_PWM_PulseFinishedCallback        0x080020ff   Thumb Code     2  stm32f4xx_hal_tim.o(i.HAL_TIM_PWM_PulseFinishedCallback)
    HAL_TIM_PeriodElapsedCallback            0x08002101   Thumb Code    34  main.o(i.HAL_TIM_PeriodElapsedCallback)
    HAL_TIM_TriggerCallback                  0x0800212d   Thumb Code     2  stm32f4xx_hal_tim.o(i.HAL_TIM_TriggerCallback)
    HAL_UARTEx_RxEventCallback               0x0800212f   Thumb Code     2  stm32f4xx_hal_uart.o(i.HAL_UARTEx_RxEventCallback)
    HAL_UART_ErrorCallback                   0x08002131   Thumb Code     2  stm32f4xx_hal_uart.o(i.HAL_UART_ErrorCallback)
    HAL_UART_IRQHandler                      0x08002135   Thumb Code   610  stm32f4xx_hal_uart.o(i.HAL_UART_IRQHandler)
    HAL_UART_Init                            0x0800239d   Thumb Code    98  stm32f4xx_hal_uart.o(i.HAL_UART_Init)
    HAL_UART_MspInit                         0x08002401   Thumb Code   178  usart.o(i.HAL_UART_MspInit)
    HAL_UART_Receive                         0x080024c9   Thumb Code   192  stm32f4xx_hal_uart.o(i.HAL_UART_Receive)
    HAL_UART_Receive_IT                      0x08002589   Thumb Code    42  stm32f4xx_hal_uart.o(i.HAL_UART_Receive_IT)
    HAL_UART_RxCpltCallback                  0x080025b3   Thumb Code     2  stm32f4xx_hal_uart.o(i.HAL_UART_RxCpltCallback)
    HAL_UART_Transmit                        0x080025b5   Thumb Code   178  stm32f4xx_hal_uart.o(i.HAL_UART_Transmit)
    HAL_UART_TxCpltCallback                  0x08002667   Thumb Code     2  stm32f4xx_hal_uart.o(i.HAL_UART_TxCpltCallback)
    HardFault_Handler                        0x08002669   Thumb Code     2  stm32f4xx_it.o(i.HardFault_Handler)
    MX_FREERTOS_Init                         0x080026d5   Thumb Code    98  freertos.o(i.MX_FREERTOS_Init)
    MX_GPIO_Init                             0x08002741   Thumb Code   188  gpio.o(i.MX_GPIO_Init)
    MX_TIM4_Init                             0x08002809   Thumb Code    96  tim.o(i.MX_TIM4_Init)
    MX_USART1_UART_Init                      0x08002871   Thumb Code    48  usart.o(i.MX_USART1_UART_Init)
    MX_USART6_UART_Init                      0x080028a9   Thumb Code    48  usart.o(i.MX_USART6_UART_Init)
    MemManage_Handler                        0x080028fd   Thumb Code     2  stm32f4xx_it.o(i.MemManage_Handler)
    NMI_Handler                              0x080028ff   Thumb Code     2  stm32f4xx_it.o(i.NMI_Handler)
    PS_DeletChar                             0x08002901   Thumb Code    94  as608.o(i.PS_DeletChar)
    PS_Empty                                 0x0800295f   Thumb Code    52  as608.o(i.PS_Empty)
    PS_GenChar                               0x08002993   Thumb Code    60  as608.o(i.PS_GenChar)
    PS_GetImage                              0x080029cf   Thumb Code    52  as608.o(i.PS_GetImage)
    PS_HighSpeedSearch                       0x08002a03   Thumb Code   132  as608.o(i.PS_HighSpeedSearch)
    PS_Match                                 0x08002a87   Thumb Code    52  as608.o(i.PS_Match)
    PS_RegModel                              0x08002abb   Thumb Code    52  as608.o(i.PS_RegModel)
    PS_StoreChar                             0x08002aef   Thumb Code    82  as608.o(i.PS_StoreChar)
    PWR_ON_OFF                               0x08002b41   Thumb Code    56  pwr_on_off.o(i.PWR_ON_OFF)
    RCC_IRQHandler                           0x08002b7d   Thumb Code     2  stm32f4xx_it.o(i.RCC_IRQHandler)
    ShowErrMessage                           0x08002bfd   Thumb Code    18  as608.o(i.ShowErrMessage)
    Show_Message                             0x08002c19   Thumb Code    42  as608_test.o(i.Show_Message)
    Start_AS608_Task                         0x08002cf5   Thumb Code     6  freertos.o(i.Start_AS608_Task)
    Start_LED_Task                           0x08002cfd   Thumb Code    22  freertos.o(i.Start_LED_Task)
    Start_PWR_ON_FF                          0x08002d19   Thumb Code    12  freertos.o(i.Start_PWR_ON_FF)
    SysTick_Handler                          0x08002d25   Thumb Code    38  port.o(i.SysTick_Handler)
    SystemClock_Config                       0x08002d51   Thumb Code   134  main.o(i.SystemClock_Config)
    SystemInit                               0x08002de1   Thumb Code    12  system_stm32f4xx.o(i.SystemInit)
    TIM4_IRQHandler                          0x08002df1   Thumb Code     6  stm32f4xx_it.o(i.TIM4_IRQHandler)
    TIM7_IRQHandler                          0x08002dfd   Thumb Code     6  stm32f4xx_it.o(i.TIM7_IRQHandler)
    TIM_Base_SetConfig                       0x08002e09   Thumb Code   156  stm32f4xx_hal_tim.o(i.TIM_Base_SetConfig)
    TIM_ETR_SetConfig                        0x08002ed1   Thumb Code    20  stm32f4xx_hal_tim.o(i.TIM_ETR_SetConfig)
    UART_Start_Receive_IT                    0x08003165   Thumb Code    54  stm32f4xx_hal_uart.o(i.UART_Start_Receive_IT)
    USART1_IRQHandler                        0x08003215   Thumb Code    48  stm32f4xx_it.o(i.USART1_IRQHandler)
    USART6_IRQHandler                        0x08003251   Thumb Code    44  stm32f4xx_it.o(i.USART6_IRQHandler)
    UsageFault_Handler                       0x08003281   Thumb Code     2  stm32f4xx_it.o(i.UsageFault_Handler)
    __0printf                                0x08003285   Thumb Code    22  printfa.o(i.__0printf)
    __1printf                                0x08003285   Thumb Code     0  printfa.o(i.__0printf)
    __2printf                                0x08003285   Thumb Code     0  printfa.o(i.__0printf)
    __c89printf                              0x08003285   Thumb Code     0  printfa.o(i.__0printf)
    printf                                   0x08003285   Thumb Code     0  printfa.o(i.__0printf)
    __0sprintf                               0x080032a5   Thumb Code    34  printfa.o(i.__0sprintf)
    __1sprintf                               0x080032a5   Thumb Code     0  printfa.o(i.__0sprintf)
    __2sprintf                               0x080032a5   Thumb Code     0  printfa.o(i.__0sprintf)
    __c89sprintf                             0x080032a5   Thumb Code     0  printfa.o(i.__0sprintf)
    sprintf                                  0x080032a5   Thumb Code     0  printfa.o(i.__0sprintf)
    __scatterload_copy                       0x080032ed   Thumb Code    14  handlers.o(i.__scatterload_copy)
    __scatterload_null                       0x080032fb   Thumb Code     2  handlers.o(i.__scatterload_null)
    __scatterload_zeroinit                   0x080032fd   Thumb Code    14  handlers.o(i.__scatterload_zeroinit)
    as608_init                               0x08003ba1   Thumb Code    72  as608.o(i.as608_init)
    eMBFuncReadCoils                         0x08003bf5   Thumb Code   114  mbfunccoils.o(i.eMBFuncReadCoils)
    eMBFuncReadDiscreteInputs                0x08003c67   Thumb Code   114  mbfuncdisc.o(i.eMBFuncReadDiscreteInputs)
    eMBFuncReadHoldingRegister               0x08003cd9   Thumb Code    94  mbfuncholding.o(i.eMBFuncReadHoldingRegister)
    eMBFuncReadInputRegister                 0x08003d37   Thumb Code    98  mbfuncinput.o(i.eMBFuncReadInputRegister)
    eMBFuncReadWriteMultipleHoldingRegister  0x08003d99   Thumb Code   156  mbfuncholding.o(i.eMBFuncReadWriteMultipleHoldingRegister)
    eMBFuncReportSlaveID                     0x08003e35   Thumb Code    26  mbfuncother.o(i.eMBFuncReportSlaveID)
    eMBFuncWriteCoil                         0x08003e59   Thumb Code    86  mbfunccoils.o(i.eMBFuncWriteCoil)
    eMBFuncWriteHoldingRegister              0x08003eaf   Thumb Code    50  mbfuncholding.o(i.eMBFuncWriteHoldingRegister)
    eMBFuncWriteMultipleCoils                0x08003ee1   Thumb Code   100  mbfunccoils.o(i.eMBFuncWriteMultipleCoils)
    eMBFuncWriteMultipleHoldingRegister      0x08003f45   Thumb Code    78  mbfuncholding.o(i.eMBFuncWriteMultipleHoldingRegister)
    eMBRegCoilsCB                            0x08003f93   Thumb Code     4  demo.o(i.eMBRegCoilsCB)
    eMBRegDiscreteCB                         0x08003f97   Thumb Code     4  demo.o(i.eMBRegDiscreteCB)
    eMBRegHoldingCB                          0x08003f9d   Thumb Code    98  demo.o(i.eMBRegHoldingCB)
    eMBRegInputCB                            0x08004009   Thumb Code    70  demo.o(i.eMBRegInputCB)
    fgetc                                    0x08004055   Thumb Code    28  main.o(i.fgetc)
    fputc                                    0x08004075   Thumb Code    24  main.o(i.fputc)
    main                                     0x08004091   Thumb Code    78  main.o(i.main)
    osDelay                                  0x08004141   Thumb Code    14  cmsis_os.o(i.osDelay)
    osKernelStart                            0x0800414f   Thumb Code    10  cmsis_os.o(i.osKernelStart)
    osThreadCreate                           0x08004159   Thumb Code    84  cmsis_os.o(i.osThreadCreate)
    osTimerCreate                            0x080041ad   Thumb Code    60  cmsis_os.o(i.osTimerCreate)
    press_FR                                 0x080041ed   Thumb Code   134  as608.o(i.press_FR)
    prveMBError2Exception                    0x08004ac7   Thumb Code    24  mbutils.o(i.prveMBError2Exception)
    prvvTIMERExpiredISR                      0x08004ae1   Thumb Code     6  porttimer.o(i.prvvTIMERExpiredISR)
    prvvUARTRxISR                            0x08004aed   Thumb Code     6  portserial.o(i.prvvUARTRxISR)
    prvvUARTTxReadyISR                       0x08004af9   Thumb Code     6  portserial.o(i.prvvUARTTxReadyISR)
    pvPortMalloc                             0x08004b05   Thumb Code   216  heap_4.o(i.pvPortMalloc)
    pxPortInitialiseStack                    0x08004be1   Thumb Code    40  port.o(i.pxPortInitialiseStack)
    uxListRemove                             0x08004c0d   Thumb Code    38  list.o(i.uxListRemove)
    vApplicationGetIdleTaskMemory            0x08004c35   Thumb Code    16  freertos.o(i.vApplicationGetIdleTaskMemory)
    vApplicationGetTimerTaskMemory           0x08004c49   Thumb Code    18  freertos.o(i.vApplicationGetTimerTaskMemory)
    vListInitialise                          0x08004c61   Thumb Code    22  list.o(i.vListInitialise)
    vListInitialiseItem                      0x08004c77   Thumb Code     6  list.o(i.vListInitialiseItem)
    vListInsert                              0x08004c7d   Thumb Code    48  list.o(i.vListInsert)
    vListInsertEnd                           0x08004cad   Thumb Code    24  list.o(i.vListInsertEnd)
    vPortEnterCritical                       0x08004cc5   Thumb Code    54  port.o(i.vPortEnterCritical)
    vPortExitCritical                        0x08004d05   Thumb Code    34  port.o(i.vPortExitCritical)
    vPortFree                                0x08004d2d   Thumb Code    94  heap_4.o(i.vPortFree)
    vPortSetupTimerInterrupt                 0x08004d91   Thumb Code    32  port.o(i.vPortSetupTimerInterrupt)
    vPortValidateInterruptPriority           0x08004db5   Thumb Code    74  port.o(i.vPortValidateInterruptPriority)
    vQueueAddToRegistry                      0x08004e09   Thumb Code    34  queue.o(i.vQueueAddToRegistry)
    vQueueWaitForMessageRestricted           0x08004e31   Thumb Code    68  queue.o(i.vQueueWaitForMessageRestricted)
    vTaskDelay                               0x08004e75   Thumb Code    66  tasks.o(i.vTaskDelay)
    vTaskInternalSetTimeOutState             0x08004ec1   Thumb Code    12  tasks.o(i.vTaskInternalSetTimeOutState)
    vTaskMissedYield                         0x08004ed1   Thumb Code     8  tasks.o(i.vTaskMissedYield)
    vTaskPlaceOnEventList                    0x08004edd   Thumb Code    44  tasks.o(i.vTaskPlaceOnEventList)
    vTaskPlaceOnEventListRestricted          0x08004f0d   Thumb Code    52  tasks.o(i.vTaskPlaceOnEventListRestricted)
    vTaskStartScheduler                      0x08004f45   Thumb Code   118  tasks.o(i.vTaskStartScheduler)
    vTaskSuspendAll                          0x08004fcd   Thumb Code    10  tasks.o(i.vTaskSuspendAll)
    vTaskSwitchContext                       0x08004fdd   Thumb Code    82  tasks.o(i.vTaskSwitchContext)
    xPortStartScheduler                      0x08005039   Thumb Code   222  port.o(i.xPortStartScheduler)
    xQueueGenericCreateStatic                0x0800512d   Thumb Code   102  queue.o(i.xQueueGenericCreateStatic)
    xQueueGenericReset                       0x08005195   Thumb Code   132  queue.o(i.xQueueGenericReset)
    xQueueGenericSend                        0x0800521d   Thumb Code   346  queue.o(i.xQueueGenericSend)
    xQueueGenericSendFromISR                 0x0800537d   Thumb Code   190  queue.o(i.xQueueGenericSendFromISR)
    xQueueReceive                            0x0800543d   Thumb Code   308  queue.o(i.xQueueReceive)
    xTaskCheckForTimeOut                     0x08005575   Thumb Code   112  tasks.o(i.xTaskCheckForTimeOut)
    xTaskCreate                              0x080055e9   Thumb Code    90  tasks.o(i.xTaskCreate)
    xTaskCreateStatic                        0x08005643   Thumb Code    86  tasks.o(i.xTaskCreateStatic)
    xTaskGetSchedulerState                   0x08005699   Thumb Code    22  tasks.o(i.xTaskGetSchedulerState)
    xTaskGetTickCount                        0x080056b5   Thumb Code     6  tasks.o(i.xTaskGetTickCount)
    xTaskIncrementTick                       0x080056c1   Thumb Code   194  tasks.o(i.xTaskIncrementTick)
    xTaskPriorityDisinherit                  0x0800578d   Thumb Code   144  tasks.o(i.xTaskPriorityDisinherit)
    xTaskRemoveFromEventList                 0x08005825   Thumb Code   108  tasks.o(i.xTaskRemoveFromEventList)
    xTaskResumeAll                           0x08005899   Thumb Code   182  tasks.o(i.xTaskResumeAll)
    xTimerCreate                             0x0800595d   Thumb Code    52  timers.o(i.xTimerCreate)
    xTimerCreateStatic                       0x08005991   Thumb Code    46  timers.o(i.xTimerCreateStatic)
    xTimerCreateTimerTask                    0x080059c1   Thumb Code    78  timers.o(i.xTimerCreateTimerTask)
    xTimerGenericCommand                     0x08005a21   Thumb Code    92  timers.o(i.xTimerGenericCommand)
    AHBPrescTable                            0x08005adc   Data          16  system_stm32f4xx.o(.constdata)
    APBPrescTable                            0x08005aec   Data           8  system_stm32f4xx.o(.constdata)
    __ctype_categories                       0x08005af4   Data          64  ctype_c.o(.constdata)
    Region$$Table$$Base                      0x08005b9c   Number         0  anon$$obj.o(Region$$Table)
    Region$$Table$$Limit                     0x08005bbc   Number         0  anon$$obj.o(Region$$Table)
    PWR_ON_FFHandle                          0x20000000   Data           4  freertos.o(.data)
    LED_TaskHandle                           0x20000004   Data           4  freertos.o(.data)
    AS608_TaskHandle                         0x20000008   Data           4  freertos.o(.data)
    myTimer01Handle                          0x2000000c   Data           4  freertos.o(.data)
    uwTickFreq                               0x20000010   Data           1  stm32f4xx_hal.o(.data)
    uwTickPrio                               0x20000014   Data           4  stm32f4xx_hal.o(.data)
    uwTick                                   0x20000018   Data           4  stm32f4xx_hal.o(.data)
    SystemCoreClock                          0x2000001c   Data           4  system_stm32f4xx.o(.data)
    pxCurrentTCB                             0x20000020   Data           4  tasks.o(.data)
    USART3_RX_STA                            0x2000009c   Data           1  as608.o(.data)
    AS608Addr                                0x200000a0   Data           4  as608.o(.data)
    Get_Device_Code                          0x200000a4   Data          10  as608.o(.data)
    pxMBFrameCBByteReceived                  0x200000d4   Data           4  mb.o(.data)
    pxMBFrameCBTransmitterEmpty              0x200000d8   Data           4  mb.o(.data)
    pxMBPortCBTimerExpired                   0x200000dc   Data           4  mb.o(.data)
    __stdin                                  0x20000160   Data           4  stdin.o(.data)
    __stdout                                 0x20000164   Data           4  stdout.o(.data)
    htim4                                    0x20000814   Data          72  tim.o(.bss)
    huart1                                   0x2000085c   Data          68  usart.o(.bss)
    huart6                                   0x200008a0   Data          68  usart.o(.bss)
    htim7                                    0x200008e4   Data          72  stm32f4xx_hal_timebase_tim.o(.bss)
    xQueueRegistry                           0x2000092c   Data          64  queue.o(.bss)
    USART3_RX_BUF                            0x20004744   Data         400  as608.o(.bss)
    usRegHoldingBuf                          0x200048f4   Data         200  demo.o(.bss)
    InputBuff                                0x200049bc   Data          10  demo.o(.bss)
    __initial_sp                             0x20004dc8   Data           0  startup_stm32f407xx.o(STACK)



==============================================================================

Memory Map of the image

  Image Entry point : 0x08000189

  Load Region LR_IROM1 (Base: 0x08000000, Size: 0x00005d28, Max: 0x00080000, ABSOLUTE, COMPRESSED[0x00005c14])

    Execution Region ER_IROM1 (Exec base: 0x08000000, Load base: 0x08000000, Size: 0x00005bbc, Max: 0x00080000, ABSOLUTE)

    Exec Addr    Load Addr    Size         Type   Attr      Idx    E Section Name        Object

    0x08000000   0x08000000   0x00000188   Data   RO            3    RESET               startup_stm32f407xx.o
    0x08000188   0x08000188   0x00000000   Code   RO         5548  * .ARM.Collect$$$$00000000  mc_w.l(entry.o)
    0x08000188   0x08000188   0x00000004   Code   RO         5832    .ARM.Collect$$$$00000001  mc_w.l(entry2.o)
    0x0800018c   0x0800018c   0x00000004   Code   RO         5835    .ARM.Collect$$$$00000004  mc_w.l(entry5.o)
    0x08000190   0x08000190   0x00000000   Code   RO         5837    .ARM.Collect$$$$00000008  mc_w.l(entry7b.o)
    0x08000190   0x08000190   0x00000000   Code   RO         5839    .ARM.Collect$$$$0000000A  mc_w.l(entry8b.o)
    0x08000190   0x08000190   0x00000008   Code   RO         5840    .ARM.Collect$$$$0000000B  mc_w.l(entry9a.o)
    0x08000198   0x08000198   0x00000004   Code   RO         5847    .ARM.Collect$$$$0000000E  mc_w.l(entry12b.o)
    0x0800019c   0x0800019c   0x00000000   Code   RO         5842    .ARM.Collect$$$$0000000F  mc_w.l(entry10a.o)
    0x0800019c   0x0800019c   0x00000000   Code   RO         5844    .ARM.Collect$$$$00000011  mc_w.l(entry11a.o)
    0x0800019c   0x0800019c   0x00000004   Code   RO         5833    .ARM.Collect$$$$00002712  mc_w.l(entry2.o)
    0x080001a0   0x080001a0   0x000000be   Code   RO         4461    .emb_text           port.o
    0x0800025e   0x0800025e   0x00000002   PAD
    0x08000260   0x08000260   0x00000024   Code   RO            4    .text               startup_stm32f407xx.o
    0x08000284   0x08000284   0x00000062   Code   RO         5551    .text               mc_w.l(uldiv.o)
    0x080002e6   0x080002e6   0x00000024   Code   RO         5555    .text               mc_w.l(memcpya.o)
    0x0800030a   0x0800030a   0x00000024   Code   RO         5559    .text               mc_w.l(memseta.o)
    0x0800032e   0x0800032e   0x00000024   Code   RO         5561    .text               mc_w.l(strstr.o)
    0x08000352   0x08000352   0x00000002   PAD
    0x08000354   0x08000354   0x00000020   Code   RO         5828    .text               mc_w.l(__0scanf.o)
    0x08000374   0x08000374   0x0000014c   Code   RO         5830    .text               mc_w.l(_scanf_int.o)
    0x080004c0   0x080004c0   0x0000002c   Code   RO         5850    .text               mc_w.l(uidiv.o)
    0x080004ec   0x080004ec   0x0000001e   Code   RO         5852    .text               mc_w.l(llshl.o)
    0x0800050a   0x0800050a   0x00000020   Code   RO         5854    .text               mc_w.l(llushr.o)
    0x0800052a   0x0800052a   0x0000001c   Code   RO         5856    .text               mc_w.l(_chval.o)
    0x08000546   0x08000546   0x00000002   PAD
    0x08000548   0x08000548   0x00000014   Code   RO         5858    .text               mc_w.l(scanf_char_file.o)
    0x0800055c   0x0800055c   0x00000000   Code   RO         5860    .text               mc_w.l(iusefp.o)
    0x0800055c   0x0800055c   0x0000014e   Code   RO         5861    .text               mf_w.l(dadd.o)
    0x080006aa   0x080006aa   0x000000e4   Code   RO         5863    .text               mf_w.l(dmul.o)
    0x0800078e   0x0800078e   0x000000de   Code   RO         5865    .text               mf_w.l(ddiv.o)
    0x0800086c   0x0800086c   0x00000030   Code   RO         5867    .text               mf_w.l(dfixul.o)
    0x0800089c   0x0800089c   0x00000030   Code   RO         5869    .text               mf_w.l(cdrcmple.o)
    0x080008cc   0x080008cc   0x00000024   Code   RO         5871    .text               mc_w.l(init.o)
    0x080008f0   0x080008f0   0x0000002c   Code   RO         5873    .text               mc_w.l(fgetc_b.o)
    0x0800091c   0x0800091c   0x00000024   Code   RO         5876    .text               mc_w.l(llsshr.o)
    0x08000940   0x08000940   0x00000028   Code   RO         5878    .text               mc_w.l(scanf_char.o)
    0x08000968   0x08000968   0x000000ba   Code   RO         5880    .text               mf_w.l(depilogue.o)
    0x08000a22   0x08000a22   0x00000000   Code   RO         5882    .text               mc_w.l(semi.o)
    0x08000a22   0x08000a22   0x0000000a   Code   RO         5883    .text               mc_w.l(isspace_c.o)
    0x08000a2c   0x08000a2c   0x00000330   Code   RO         5885    .text               mc_w.l(_scanf.o)
    0x08000d5c   0x08000d5c   0x00000000   Code   RO         5887    .text               mc_w.l(iusesemig.o)
    0x08000d5c   0x08000d5c   0x00000028   Code   RO         5888    .text               mc_w.l(ctype_c.o)
    0x08000d84   0x08000d84   0x00000056   Code   RO         5899    .text               mc_w.l(__dczerorl2.o)
    0x08000dda   0x08000dda   0x00000002   PAD
    0x08000ddc   0x08000ddc   0x000001a0   Code   RO         4541    i.Add_FR            as608.o
    0x08000f7c   0x08000f7c   0x00000002   Code   RO          457    i.BusFault_Handler  stm32f4xx_it.o
    0x08000f7e   0x08000f7e   0x00000002   Code   RO          286    i.Callback01        freertos.o
    0x08000f80   0x08000f80   0x00000002   Code   RO          458    i.DebugMon_Handler  stm32f4xx_it.o
    0x08000f82   0x08000f82   0x00000002   PAD
    0x08000f84   0x08000f84   0x0000005c   Code   RO         4542    i.Del_FR            as608.o
    0x08000fe0   0x08000fe0   0x00000050   Code   RO         4543    i.Del_FR_Lib        as608.o
    0x08001030   0x08001030   0x0000023c   Code   RO         4544    i.EnsureMessage     as608.o
    0x0800126c   0x0800126c   0x00000004   Code   RO           14    i.Error_Handler     main.o
    0x08001270   0x08001270   0x00000084   Code   RO         4831    i.FR_Task           as608_test.o
    0x080012f4   0x080012f4   0x00000092   Code   RO         1070    i.HAL_DMA_Abort     stm32f4xx_hal_dma.o
    0x08001386   0x08001386   0x00000024   Code   RO         1071    i.HAL_DMA_Abort_IT  stm32f4xx_hal_dma.o
    0x080013aa   0x080013aa   0x00000002   PAD
    0x080013ac   0x080013ac   0x00000024   Code   RO         1489    i.HAL_Delay         stm32f4xx_hal.o
    0x080013d0   0x080013d0   0x000001f0   Code   RO          963    i.HAL_GPIO_Init     stm32f4xx_hal_gpio.o
    0x080015c0   0x080015c0   0x0000000a   Code   RO          965    i.HAL_GPIO_ReadPin  stm32f4xx_hal_gpio.o
    0x080015ca   0x080015ca   0x00000010   Code   RO          966    i.HAL_GPIO_TogglePin  stm32f4xx_hal_gpio.o
    0x080015da   0x080015da   0x0000000a   Code   RO          967    i.HAL_GPIO_WritePin  stm32f4xx_hal_gpio.o
    0x080015e4   0x080015e4   0x0000000c   Code   RO         1495    i.HAL_GetTick       stm32f4xx_hal.o
    0x080015f0   0x080015f0   0x00000010   Code   RO         1501    i.HAL_IncTick       stm32f4xx_hal.o
    0x08001600   0x08001600   0x00000034   Code   RO         1502    i.HAL_Init          stm32f4xx_hal.o
    0x08001634   0x08001634   0x00000074   Code   RO          569    i.HAL_InitTick      stm32f4xx_hal_timebase_tim.o
    0x080016a8   0x080016a8   0x0000004c   Code   RO          545    i.HAL_MspInit       stm32f4xx_hal_msp.o
    0x080016f4   0x080016f4   0x0000001a   Code   RO         1350    i.HAL_NVIC_ClearPendingIRQ  stm32f4xx_hal_cortex.o
    0x0800170e   0x0800170e   0x0000001a   Code   RO         1352    i.HAL_NVIC_EnableIRQ  stm32f4xx_hal_cortex.o
    0x08001728   0x08001728   0x00000040   Code   RO         1358    i.HAL_NVIC_SetPriority  stm32f4xx_hal_cortex.o
    0x08001768   0x08001768   0x00000024   Code   RO         1359    i.HAL_NVIC_SetPriorityGrouping  stm32f4xx_hal_cortex.o
    0x0800178c   0x0800178c   0x00000134   Code   RO          609    i.HAL_RCC_ClockConfig  stm32f4xx_hal_rcc.o
    0x080018c0   0x080018c0   0x00000040   Code   RO          613    i.HAL_RCC_GetClockConfig  stm32f4xx_hal_rcc.o
    0x08001900   0x08001900   0x00000020   Code   RO          616    i.HAL_RCC_GetPCLK1Freq  stm32f4xx_hal_rcc.o
    0x08001920   0x08001920   0x00000020   Code   RO          617    i.HAL_RCC_GetPCLK2Freq  stm32f4xx_hal_rcc.o
    0x08001940   0x08001940   0x00000060   Code   RO          618    i.HAL_RCC_GetSysClockFreq  stm32f4xx_hal_rcc.o
    0x080019a0   0x080019a0   0x0000036c   Code   RO          621    i.HAL_RCC_OscConfig  stm32f4xx_hal_rcc.o
    0x08001d0c   0x08001d0c   0x00000002   Code   RO         2446    i.HAL_TIMEx_BreakCallback  stm32f4xx_hal_tim_ex.o
    0x08001d0e   0x08001d0e   0x00000002   Code   RO         2447    i.HAL_TIMEx_CommutCallback  stm32f4xx_hal_tim_ex.o
    0x08001d10   0x08001d10   0x00000090   Code   RO         2465    i.HAL_TIMEx_MasterConfigSynchronization  stm32f4xx_hal_tim_ex.o
    0x08001da0   0x08001da0   0x0000005a   Code   RO         1742    i.HAL_TIM_Base_Init  stm32f4xx_hal_tim.o
    0x08001dfa   0x08001dfa   0x00000002   PAD
    0x08001dfc   0x08001dfc   0x0000003c   Code   RO          368    i.HAL_TIM_Base_MspInit  tim.o
    0x08001e38   0x08001e38   0x00000080   Code   RO         1747    i.HAL_TIM_Base_Start_IT  stm32f4xx_hal_tim.o
    0x08001eb8   0x08001eb8   0x000000dc   Code   RO         1751    i.HAL_TIM_ConfigClockSource  stm32f4xx_hal_tim.o
    0x08001f94   0x08001f94   0x00000002   Code   RO         1776    i.HAL_TIM_IC_CaptureCallback  stm32f4xx_hal_tim.o
    0x08001f96   0x08001f96   0x00000166   Code   RO         1790    i.HAL_TIM_IRQHandler  stm32f4xx_hal_tim.o
    0x080020fc   0x080020fc   0x00000002   Code   RO         1793    i.HAL_TIM_OC_DelayElapsedCallback  stm32f4xx_hal_tim.o
    0x080020fe   0x080020fe   0x00000002   Code   RO         1820    i.HAL_TIM_PWM_PulseFinishedCallback  stm32f4xx_hal_tim.o
    0x08002100   0x08002100   0x0000002c   Code   RO           15    i.HAL_TIM_PeriodElapsedCallback  main.o
    0x0800212c   0x0800212c   0x00000002   Code   RO         1833    i.HAL_TIM_TriggerCallback  stm32f4xx_hal_tim.o
    0x0800212e   0x0800212e   0x00000002   Code   RO         2724    i.HAL_UARTEx_RxEventCallback  stm32f4xx_hal_uart.o
    0x08002130   0x08002130   0x00000002   Code   RO         2738    i.HAL_UART_ErrorCallback  stm32f4xx_hal_uart.o
    0x08002132   0x08002132   0x00000002   PAD
    0x08002134   0x08002134   0x00000268   Code   RO         2741    i.HAL_UART_IRQHandler  stm32f4xx_hal_uart.o
    0x0800239c   0x0800239c   0x00000062   Code   RO         2742    i.HAL_UART_Init     stm32f4xx_hal_uart.o
    0x080023fe   0x080023fe   0x00000002   PAD
    0x08002400   0x08002400   0x000000c8   Code   RO          410    i.HAL_UART_MspInit  usart.o
    0x080024c8   0x080024c8   0x000000c0   Code   RO         2745    i.HAL_UART_Receive  stm32f4xx_hal_uart.o
    0x08002588   0x08002588   0x0000002a   Code   RO         2747    i.HAL_UART_Receive_IT  stm32f4xx_hal_uart.o
    0x080025b2   0x080025b2   0x00000002   Code   RO         2748    i.HAL_UART_RxCpltCallback  stm32f4xx_hal_uart.o
    0x080025b4   0x080025b4   0x000000b2   Code   RO         2750    i.HAL_UART_Transmit  stm32f4xx_hal_uart.o
    0x08002666   0x08002666   0x00000002   Code   RO         2753    i.HAL_UART_TxCpltCallback  stm32f4xx_hal_uart.o
    0x08002668   0x08002668   0x00000002   Code   RO          459    i.HardFault_Handler  stm32f4xx_it.o
    0x0800266a   0x0800266a   0x00000002   PAD
    0x0800266c   0x0800266c   0x00000068   Code   RO         4545    i.JudgeStr          as608.o
    0x080026d4   0x080026d4   0x0000006c   Code   RO          287    i.MX_FREERTOS_Init  freertos.o
    0x08002740   0x08002740   0x000000c8   Code   RO          262    i.MX_GPIO_Init      gpio.o
    0x08002808   0x08002808   0x00000068   Code   RO          369    i.MX_TIM4_Init      tim.o
    0x08002870   0x08002870   0x00000038   Code   RO          411    i.MX_USART1_UART_Init  usart.o
    0x080028a8   0x080028a8   0x00000038   Code   RO          412    i.MX_USART6_UART_Init  usart.o
    0x080028e0   0x080028e0   0x0000001c   Code   RO         4546    i.MYUSART_SendData  as608.o
    0x080028fc   0x080028fc   0x00000002   Code   RO          460    i.MemManage_Handler  stm32f4xx_it.o
    0x080028fe   0x080028fe   0x00000002   Code   RO          461    i.NMI_Handler       stm32f4xx_it.o
    0x08002900   0x08002900   0x0000005e   Code   RO         4547    i.PS_DeletChar      as608.o
    0x0800295e   0x0800295e   0x00000034   Code   RO         4548    i.PS_Empty          as608.o
    0x08002992   0x08002992   0x0000003c   Code   RO         4549    i.PS_GenChar        as608.o
    0x080029ce   0x080029ce   0x00000034   Code   RO         4550    i.PS_GetImage       as608.o
    0x08002a02   0x08002a02   0x00000084   Code   RO         4552    i.PS_HighSpeedSearch  as608.o
    0x08002a86   0x08002a86   0x00000034   Code   RO         4553    i.PS_Match          as608.o
    0x08002aba   0x08002aba   0x00000034   Code   RO         4556    i.PS_RegModel       as608.o
    0x08002aee   0x08002aee   0x00000052   Code   RO         4559    i.PS_StoreChar      as608.o
    0x08002b40   0x08002b40   0x0000003c   Code   RO         4773    i.PWR_ON_OFF        pwr_on_off.o
    0x08002b7c   0x08002b7c   0x00000002   Code   RO          462    i.RCC_IRQHandler    stm32f4xx_it.o
    0x08002b7e   0x08002b7e   0x00000002   PAD
    0x08002b80   0x08002b80   0x00000030   Code   RO         4563    i.SendAddr          as608.o
    0x08002bb0   0x08002bb0   0x00000014   Code   RO         4564    i.SendCheck         as608.o
    0x08002bc4   0x08002bc4   0x00000020   Code   RO         4565    i.SendHead          as608.o
    0x08002be4   0x08002be4   0x00000016   Code   RO         4566    i.SendLength        as608.o
    0x08002bfa   0x08002bfa   0x00000002   PAD
    0x08002bfc   0x08002bfc   0x0000001c   Code   RO         4567    i.ShowErrMessage    as608.o
    0x08002c18   0x08002c18   0x000000dc   Code   RO         4832    i.Show_Message      as608_test.o
    0x08002cf4   0x08002cf4   0x00000006   Code   RO          288    i.Start_AS608_Task  freertos.o
    0x08002cfa   0x08002cfa   0x00000002   PAD
    0x08002cfc   0x08002cfc   0x0000001c   Code   RO          289    i.Start_LED_Task    freertos.o
    0x08002d18   0x08002d18   0x0000000c   Code   RO          290    i.Start_PWR_ON_FF   freertos.o
    0x08002d24   0x08002d24   0x0000002c   Code   RO         4462    i.SysTick_Handler   port.o
    0x08002d50   0x08002d50   0x00000090   Code   RO           16    i.SystemClock_Config  main.o
    0x08002de0   0x08002de0   0x00000010   Code   RO         3071    i.SystemInit        system_stm32f4xx.o
    0x08002df0   0x08002df0   0x0000000c   Code   RO          463    i.TIM4_IRQHandler   stm32f4xx_it.o
    0x08002dfc   0x08002dfc   0x0000000c   Code   RO          464    i.TIM7_IRQHandler   stm32f4xx_it.o
    0x08002e08   0x08002e08   0x000000c8   Code   RO         1835    i.TIM_Base_SetConfig  stm32f4xx_hal_tim.o
    0x08002ed0   0x08002ed0   0x00000014   Code   RO         1846    i.TIM_ETR_SetConfig  stm32f4xx_hal_tim.o
    0x08002ee4   0x08002ee4   0x00000010   Code   RO         1847    i.TIM_ITRx_SetConfig  stm32f4xx_hal_tim.o
    0x08002ef4   0x08002ef4   0x00000022   Code   RO         1853    i.TIM_TI1_ConfigInputStage  stm32f4xx_hal_tim.o
    0x08002f16   0x08002f16   0x00000024   Code   RO         1855    i.TIM_TI2_ConfigInputStage  stm32f4xx_hal_tim.o
    0x08002f3a   0x08002f3a   0x00000010   Code   RO         2755    i.UART_DMAAbortOnError  stm32f4xx_hal_uart.o
    0x08002f4a   0x08002f4a   0x0000004e   Code   RO         2765    i.UART_EndRxTransfer  stm32f4xx_hal_uart.o
    0x08002f98   0x08002f98   0x000000c0   Code   RO         2767    i.UART_Receive_IT   stm32f4xx_hal_uart.o
    0x08003058   0x08003058   0x0000010c   Code   RO         2768    i.UART_SetConfig    stm32f4xx_hal_uart.o
    0x08003164   0x08003164   0x00000036   Code   RO         2770    i.UART_Start_Receive_IT  stm32f4xx_hal_uart.o
    0x0800319a   0x0800319a   0x00000078   Code   RO         2771    i.UART_WaitOnFlagUntilTimeout  stm32f4xx_hal_uart.o
    0x08003212   0x08003212   0x00000002   PAD
    0x08003214   0x08003214   0x0000003c   Code   RO          465    i.USART1_IRQHandler  stm32f4xx_it.o
    0x08003250   0x08003250   0x00000030   Code   RO          466    i.USART6_IRQHandler  stm32f4xx_it.o
    0x08003280   0x08003280   0x00000002   Code   RO          467    i.UsageFault_Handler  stm32f4xx_it.o
    0x08003282   0x08003282   0x00000002   PAD
    0x08003284   0x08003284   0x00000020   Code   RO         5800    i.__0printf         mc_w.l(printfa.o)
    0x080032a4   0x080032a4   0x00000028   Code   RO         5802    i.__0sprintf        mc_w.l(printfa.o)
    0x080032cc   0x080032cc   0x00000020   Code   RO         1365    i.__NVIC_SetPriority  stm32f4xx_hal_cortex.o
    0x080032ec   0x080032ec   0x0000000e   Code   RO         5893    i.__scatterload_copy  mc_w.l(handlers.o)
    0x080032fa   0x080032fa   0x00000002   Code   RO         5894    i.__scatterload_null  mc_w.l(handlers.o)
    0x080032fc   0x080032fc   0x0000000e   Code   RO         5895    i.__scatterload_zeroinit  mc_w.l(handlers.o)
    0x0800330a   0x0800330a   0x00000002   PAD
    0x0800330c   0x0800330c   0x00000184   Code   RO         5807    i._fp_digits        mc_w.l(printfa.o)
    0x08003490   0x08003490   0x000006b4   Code   RO         5808    i._printf_core      mc_w.l(printfa.o)
    0x08003b44   0x08003b44   0x00000024   Code   RO         5809    i._printf_post_padding  mc_w.l(printfa.o)
    0x08003b68   0x08003b68   0x0000002e   Code   RO         5810    i._printf_pre_padding  mc_w.l(printfa.o)
    0x08003b96   0x08003b96   0x0000000a   Code   RO         5812    i._sputc            mc_w.l(printfa.o)
    0x08003ba0   0x08003ba0   0x00000054   Code   RO         4568    i.as608_init        as608.o
    0x08003bf4   0x08003bf4   0x00000072   Code   RO         4981    i.eMBFuncReadCoils  mbfunccoils.o
    0x08003c66   0x08003c66   0x00000072   Code   RO         5020    i.eMBFuncReadDiscreteInputs  mbfuncdisc.o
    0x08003cd8   0x08003cd8   0x0000005e   Code   RO         5044    i.eMBFuncReadHoldingRegister  mbfuncholding.o
    0x08003d36   0x08003d36   0x00000062   Code   RO         5086    i.eMBFuncReadInputRegister  mbfuncinput.o
    0x08003d98   0x08003d98   0x0000009c   Code   RO         5045    i.eMBFuncReadWriteMultipleHoldingRegister  mbfuncholding.o
    0x08003e34   0x08003e34   0x00000024   Code   RO         5110    i.eMBFuncReportSlaveID  mbfuncother.o
    0x08003e58   0x08003e58   0x00000056   Code   RO         4982    i.eMBFuncWriteCoil  mbfunccoils.o
    0x08003eae   0x08003eae   0x00000032   Code   RO         5046    i.eMBFuncWriteHoldingRegister  mbfuncholding.o
    0x08003ee0   0x08003ee0   0x00000064   Code   RO         4983    i.eMBFuncWriteMultipleCoils  mbfunccoils.o
    0x08003f44   0x08003f44   0x0000004e   Code   RO         5047    i.eMBFuncWriteMultipleHoldingRegister  mbfuncholding.o
    0x08003f92   0x08003f92   0x00000004   Code   RO         5305    i.eMBRegCoilsCB     demo.o
    0x08003f96   0x08003f96   0x00000004   Code   RO         5306    i.eMBRegDiscreteCB  demo.o
    0x08003f9a   0x08003f9a   0x00000002   PAD
    0x08003f9c   0x08003f9c   0x0000006c   Code   RO         5307    i.eMBRegHoldingCB   demo.o
    0x08004008   0x08004008   0x0000004c   Code   RO         5308    i.eMBRegInputCB     demo.o
    0x08004054   0x08004054   0x00000020   Code   RO           17    i.fgetc             main.o
    0x08004074   0x08004074   0x0000001c   Code   RO           18    i.fputc             main.o
    0x08004090   0x08004090   0x000000a4   Code   RO           19    i.main              main.o
    0x08004134   0x08004134   0x0000000c   Code   RO         4039    i.makeFreeRtosPriority  cmsis_os.o
    0x08004140   0x08004140   0x0000000e   Code   RO         4041    i.osDelay           cmsis_os.o
    0x0800414e   0x0800414e   0x0000000a   Code   RO         4044    i.osKernelStart     cmsis_os.o
    0x08004158   0x08004158   0x00000054   Code   RO         4078    i.osThreadCreate    cmsis_os.o
    0x080041ac   0x080041ac   0x00000040   Code   RO         4089    i.osTimerCreate     cmsis_os.o
    0x080041ec   0x080041ec   0x00000118   Code   RO         4569    i.press_FR          as608.o
    0x08004304   0x08004304   0x00000070   Code   RO         3579    i.prvAddCurrentTaskToDelayedList  tasks.o
    0x08004374   0x08004374   0x000000d0   Code   RO         3580    i.prvAddNewTaskToReadyList  tasks.o
    0x08004444   0x08004444   0x00000058   Code   RO         3893    i.prvCheckForValidListAndQueue  timers.o
    0x0800449c   0x0800449c   0x00000026   Code   RO         3249    i.prvCopyDataFromQueue  queue.o
    0x080044c2   0x080044c2   0x0000006c   Code   RO         3250    i.prvCopyDataToQueue  queue.o
    0x0800452e   0x0800452e   0x00000034   Code   RO         3581    i.prvDeleteTCB      tasks.o
    0x08004562   0x08004562   0x00000002   PAD
    0x08004564   0x08004564   0x0000004c   Code   RO         4406    i.prvHeapInit       heap_4.o
    0x080045b0   0x080045b0   0x00000060   Code   RO         3582    i.prvIdleTask       tasks.o
    0x08004610   0x08004610   0x00000016   Code   RO         3252    i.prvInitialiseNewQueue  queue.o
    0x08004626   0x08004626   0x00000098   Code   RO         3583    i.prvInitialiseNewTask  tasks.o
    0x080046be   0x080046be   0x0000004e   Code   RO         3894    i.prvInitialiseNewTimer  timers.o
    0x0800470c   0x0800470c   0x0000004c   Code   RO         4407    i.prvInsertBlockIntoFreeList  heap_4.o
    0x08004758   0x08004758   0x00000038   Code   RO         3895    i.prvInsertTimerInActiveList  timers.o
    0x08004790   0x08004790   0x0000001c   Code   RO         3253    i.prvIsQueueEmpty   queue.o
    0x080047ac   0x080047ac   0x000000f0   Code   RO         3896    i.prvProcessReceivedCommands  timers.o
    0x0800489c   0x0800489c   0x000000c0   Code   RO         3897    i.prvProcessTimerOrBlockTask  timers.o
    0x0800495c   0x0800495c   0x00000020   Code   RO         3584    i.prvResetNextTaskUnblockTime  tasks.o
    0x0800497c   0x0800497c   0x00000028   Code   RO         3898    i.prvSampleTimeNow  timers.o
    0x080049a4   0x080049a4   0x0000006c   Code   RO         3899    i.prvSwitchTimerLists  timers.o
    0x08004a10   0x08004a10   0x00000028   Code   RO         4463    i.prvTaskExitError  port.o
    0x08004a38   0x08004a38   0x00000024   Code   RO         3900    i.prvTimerTask      timers.o
    0x08004a5c   0x08004a5c   0x0000006a   Code   RO         3254    i.prvUnlockQueue    queue.o
    0x08004ac6   0x08004ac6   0x00000018   Code   RO         5143    i.prveMBError2Exception  mbutils.o
    0x08004ade   0x08004ade   0x00000002   PAD
    0x08004ae0   0x08004ae0   0x0000000c   Code   RO         5509    i.prvvTIMERExpiredISR  porttimer.o
    0x08004aec   0x08004aec   0x0000000c   Code   RO         5455    i.prvvUARTRxISR     portserial.o
    0x08004af8   0x08004af8   0x0000000c   Code   RO         5456    i.prvvUARTTxReadyISR  portserial.o
    0x08004b04   0x08004b04   0x000000dc   Code   RO         4408    i.pvPortMalloc      heap_4.o
    0x08004be0   0x08004be0   0x0000002c   Code   RO         4464    i.pxPortInitialiseStack  port.o
    0x08004c0c   0x08004c0c   0x00000026   Code   RO         3209    i.uxListRemove      list.o
    0x08004c32   0x08004c32   0x00000002   PAD
    0x08004c34   0x08004c34   0x00000014   Code   RO          291    i.vApplicationGetIdleTaskMemory  freertos.o
    0x08004c48   0x08004c48   0x00000018   Code   RO          292    i.vApplicationGetTimerTaskMemory  freertos.o
    0x08004c60   0x08004c60   0x00000016   Code   RO         3210    i.vListInitialise   list.o
    0x08004c76   0x08004c76   0x00000006   Code   RO         3211    i.vListInitialiseItem  list.o
    0x08004c7c   0x08004c7c   0x00000030   Code   RO         3212    i.vListInsert       list.o
    0x08004cac   0x08004cac   0x00000018   Code   RO         3213    i.vListInsertEnd    list.o
    0x08004cc4   0x08004cc4   0x00000040   Code   RO         4466    i.vPortEnterCritical  port.o
    0x08004d04   0x08004d04   0x00000028   Code   RO         4467    i.vPortExitCritical  port.o
    0x08004d2c   0x08004d2c   0x00000064   Code   RO         4409    i.vPortFree         heap_4.o
    0x08004d90   0x08004d90   0x00000024   Code   RO         4468    i.vPortSetupTimerInterrupt  port.o
    0x08004db4   0x08004db4   0x00000054   Code   RO         4469    i.vPortValidateInterruptPriority  port.o
    0x08004e08   0x08004e08   0x00000028   Code   RO         3258    i.vQueueAddToRegistry  queue.o
    0x08004e30   0x08004e30   0x00000044   Code   RO         3261    i.vQueueWaitForMessageRestricted  queue.o
    0x08004e74   0x08004e74   0x0000004c   Code   RO         3593    i.vTaskDelay        tasks.o
    0x08004ec0   0x08004ec0   0x00000010   Code   RO         3596    i.vTaskInternalSetTimeOutState  tasks.o
    0x08004ed0   0x08004ed0   0x0000000c   Code   RO         3597    i.vTaskMissedYield  tasks.o
    0x08004edc   0x08004edc   0x00000030   Code   RO         3599    i.vTaskPlaceOnEventList  tasks.o
    0x08004f0c   0x08004f0c   0x00000038   Code   RO         3600    i.vTaskPlaceOnEventListRestricted  tasks.o
    0x08004f44   0x08004f44   0x00000088   Code   RO         3607    i.vTaskStartScheduler  tasks.o
    0x08004fcc   0x08004fcc   0x00000010   Code   RO         3609    i.vTaskSuspendAll   tasks.o
    0x08004fdc   0x08004fdc   0x0000005c   Code   RO         3610    i.vTaskSwitchContext  tasks.o
    0x08005038   0x08005038   0x000000f4   Code   RO         4470    i.xPortStartScheduler  port.o
    0x0800512c   0x0800512c   0x00000066   Code   RO         3265    i.xQueueGenericCreateStatic  queue.o
    0x08005192   0x08005192   0x00000002   PAD
    0x08005194   0x08005194   0x00000088   Code   RO         3266    i.xQueueGenericReset  queue.o
    0x0800521c   0x0800521c   0x00000160   Code   RO         3267    i.xQueueGenericSend  queue.o
    0x0800537c   0x0800537c   0x000000be   Code   RO         3268    i.xQueueGenericSendFromISR  queue.o
    0x0800543a   0x0800543a   0x00000002   PAD
    0x0800543c   0x0800543c   0x00000138   Code   RO         3274    i.xQueueReceive     queue.o
    0x08005574   0x08005574   0x00000074   Code   RO         3612    i.xTaskCheckForTimeOut  tasks.o
    0x080055e8   0x080055e8   0x0000005a   Code   RO         3613    i.xTaskCreate       tasks.o
    0x08005642   0x08005642   0x00000056   Code   RO         3614    i.xTaskCreateStatic  tasks.o
    0x08005698   0x08005698   0x0000001c   Code   RO         3618    i.xTaskGetSchedulerState  tasks.o
    0x080056b4   0x080056b4   0x0000000c   Code   RO         3619    i.xTaskGetTickCount  tasks.o
    0x080056c0   0x080056c0   0x000000cc   Code   RO         3621    i.xTaskIncrementTick  tasks.o
    0x0800578c   0x0800578c   0x00000098   Code   RO         3624    i.xTaskPriorityDisinherit  tasks.o
    0x08005824   0x08005824   0x00000074   Code   RO         3626    i.xTaskRemoveFromEventList  tasks.o
    0x08005898   0x08005898   0x000000c4   Code   RO         3627    i.xTaskResumeAll    tasks.o
    0x0800595c   0x0800595c   0x00000034   Code   RO         3905    i.xTimerCreate      timers.o
    0x08005990   0x08005990   0x0000002e   Code   RO         3906    i.xTimerCreateStatic  timers.o
    0x080059be   0x080059be   0x00000002   PAD
    0x080059c0   0x080059c0   0x00000060   Code   RO         3907    i.xTimerCreateTimerTask  timers.o
    0x08005a20   0x08005a20   0x00000060   Code   RO         3908    i.xTimerGenericCommand  timers.o
    0x08005a80   0x08005a80   0x0000005c   Data   RO          294    .constdata          freertos.o
    0x08005adc   0x08005adc   0x00000010   Data   RO         3072    .constdata          system_stm32f4xx.o
    0x08005aec   0x08005aec   0x00000008   Data   RO         3073    .constdata          system_stm32f4xx.o
    0x08005af4   0x08005af4   0x00000040   Data   RO         5889    .constdata          mc_w.l(ctype_c.o)
    0x08005b34   0x08005b34   0x00000021   Data   RO          295    .conststring        freertos.o
    0x08005b55   0x08005b55   0x00000003   PAD
    0x08005b58   0x08005b58   0x00000042   Data   RO         4833    .conststring        as608_test.o
    0x08005b9a   0x08005b9a   0x00000002   PAD
    0x08005b9c   0x08005b9c   0x00000020   Data   RO         5891    Region$$Table       anon$$obj.o


    Execution Region RW_IRAM1 (Exec base: 0x20000000, Load base: 0x08005bbc, Size: 0x00004dc8, Max: 0x0001c000, ABSOLUTE, COMPRESSED[0x00000058])

    Exec Addr    Load Addr    Size         Type   Attr      Idx    E Section Name        Object

    0x20000000   COMPRESSED   0x00000010   Data   RW          296    .data               freertos.o
    0x20000010   COMPRESSED   0x0000000c   Data   RW         1509    .data               stm32f4xx_hal.o
    0x2000001c   COMPRESSED   0x00000004   Data   RW         3074    .data               system_stm32f4xx.o
    0x20000020   COMPRESSED   0x0000003c   Data   RW         3630    .data               tasks.o
    0x2000005c   COMPRESSED   0x00000014   Data   RW         3914    .data               timers.o
    0x20000070   COMPRESSED   0x00000020   Data   RW         4415    .data               heap_4.o
    0x20000090   COMPRESSED   0x0000000c   Data   RW         4471    .data               port.o
    0x2000009c   COMPRESSED   0x00000012   Data   RW         4572    .data               as608.o
    0x200000ae   COMPRESSED   0x00000002   Data   RW         5113    .data               mbfuncother.o
    0x200000b0   COMPRESSED   0x00000004   Data   RW         5311    .data               demo.o
    0x200000b4   COMPRESSED   0x000000ac   Data   RW         5358    .data               mb.o
    0x20000160   COMPRESSED   0x00000004   Data   RW         5848    .data               mc_w.l(stdin.o)
    0x20000164   COMPRESSED   0x00000004   Data   RW         5849    .data               mc_w.l(stdout.o)
    0x20000168   COMPRESSED   0x00000003   Data   RW         5874    .data               mc_w.l(fgetc_b.o)
    0x2000016b   COMPRESSED   0x00000001   PAD
    0x2000016c        -       0x000006a8   Zero   RW          293    .bss                freertos.o
    0x20000814        -       0x00000048   Zero   RW          370    .bss                tim.o
    0x2000085c        -       0x00000088   Zero   RW          413    .bss                usart.o
    0x200008e4        -       0x00000048   Zero   RW          572    .bss                stm32f4xx_hal_timebase_tim.o
    0x2000092c        -       0x00000040   Zero   RW         3277    .bss                queue.o
    0x2000096c        -       0x000000f0   Zero   RW         3629    .bss                tasks.o
    0x20000a5c        -       0x000000e8   Zero   RW         3913    .bss                timers.o
    0x20000b44        -       0x00003c00   Zero   RW         4414    .bss                heap_4.o
    0x20004744        -       0x00000190   Zero   RW         4570    .bss                as608.o
    0x200048d4        -       0x00000020   Zero   RW         5112    .bss                mbfuncother.o
    0x200048f4        -       0x000000d2   Zero   RW         5309    .bss                demo.o
    0x200049c6   COMPRESSED   0x00000002   PAD
    0x200049c8        -       0x00000400   Zero   RW            1    STACK               startup_stm32f407xx.o


    Execution Region RW_IRAM2 (Exec base: 0x2001c000, Load base: 0x08005c14, Size: 0x00000000, Max: 0x00004000, ABSOLUTE)

    **** No section assigned to this execution region ****


==============================================================================

Image component sizes


      Code (inc. data)   RO Data    RW Data    ZI Data      Debug   Object Name

      2382        918          0         18        400      16537   as608.o
       352        228         66          0          0       1145   as608_test.o
       184          4          0          0          0      24369   cmsis_os.o
       192         16          0          4        210       3559   demo.o
         0          0          0          0          0      20096   event_groups.o
       200         26        125         16       1704       5401   freertos.o
       200         12          0          0          0       1083   gpio.o
       472         24          0         32      15360       5031   heap_4.o
       138          0          0          0          0       3710   list.o
       416        114          0          0          0     730980   main.o
         0          0          0        172          0       2694   mb.o
         0          0          0          0          0        588   mbascii.o
       300          0          0          0          0       3870   mbfunccoils.o
       114          0          0          0          0       1604   mbfuncdisc.o
       378          0          0          0          0       5327   mbfuncholding.o
        98          0          0          0          0       1599   mbfuncinput.o
        36         10          0          2         32       1439   mbfuncother.o
        24          0          0          0          0        676   mbutils.o
       786         82          0         12          0      12189   port.o
        24         12          0          0          0        977   portserial.o
        12          6          0          0          0        494   porttimer.o
        60          4          0          0          0        593   pwr_on_off.o
      1502         20          0          0         64      17704   queue.o
        36          8        392          0       1024        864   startup_stm32f407xx.o
       116         18          0         12          0       8914   stm32f4xx_hal.o
       184         14          0          0          0      34029   stm32f4xx_hal_cortex.o
       182          0          0          0          0       2183   stm32f4xx_hal_dma.o
       532         46          0          0          0       3636   stm32f4xx_hal_gpio.o
        76          6          0          0          0        934   stm32f4xx_hal_msp.o
      1408         82          0          0          0       6093   stm32f4xx_hal_rcc.o
      1110         72          0          0          0      10549   stm32f4xx_hal_tim.o
       148         28          0          0          0       2565   stm32f4xx_hal_tim_ex.o
       116         16          0          0         72       1503   stm32f4xx_hal_timebase_tim.o
      1862         16          0          0          0      13593   stm32f4xx_hal_uart.o
       146         28          0          0          0       6138   stm32f4xx_it.o
         0          0          0          0          0        384   stream_buffer.o
        16          4         24          4          0       1211   system_stm32f4xx.o
      2104        160          0         60        240      27432   tasks.o
       164         18          0          0         72       1810   tim.o
      1128         80          0         20        232      33523   timers.o
       312         38          0          0        136       2563   usart.o

    ----------------------------------------------------------------------
     17548       2110        644        352      19548    1019589   Object Totals
         0          0         32          0          0          0   (incl. Generated)
        38          0          5          0          2          0   (incl. Padding)

    ----------------------------------------------------------------------

      Code (inc. data)   RO Data    RW Data    ZI Data      Debug   Library Member Name

        32          6          0          0          0         84   __0scanf.o
        86          0          0          0          0          0   __dczerorl2.o
        28          0          0          0          0         68   _chval.o
       816          6          0          0          0        112   _scanf.o
       332          0          0          0          0         96   _scanf_int.o
        40          6         64          0          0         68   ctype_c.o
         0          0          0          0          0          0   entry.o
         0          0          0          0          0          0   entry10a.o
         0          0          0          0          0          0   entry11a.o
         4          0          0          0          0          0   entry12b.o
         8          4          0          0          0          0   entry2.o
         4          0          0          0          0          0   entry5.o
         0          0          0          0          0          0   entry7b.o
         0          0          0          0          0          0   entry8b.o
         8          4          0          0          0          0   entry9a.o
        44          6          0          3          0        144   fgetc_b.o
        30          0          0          0          0          0   handlers.o
        36          8          0          0          0         68   init.o
        10          0          0          0          0         68   isspace_c.o
         0          0          0          0          0          0   iusefp.o
         0          0          0          0          0          0   iusesemig.o
        30          0          0          0          0         68   llshl.o
        36          0          0          0          0         68   llsshr.o
        32          0          0          0          0         68   llushr.o
        36          0          0          0          0         68   memcpya.o
        36          0          0          0          0        108   memseta.o
      2268         96          0          0          0        616   printfa.o
        40          8          0          0          0         84   scanf_char.o
        20          8          0          0          0         68   scanf_char_file.o
         0          0          0          0          0          0   semi.o
         0          0          0          4          0          0   stdin.o
         0          0          0          4          0          0   stdout.o
        36          0          0          0          0         80   strstr.o
        44          0          0          0          0         80   uidiv.o
        98          0          0          0          0         92   uldiv.o
        48          0          0          0          0         68   cdrcmple.o
       334          0          0          0          0        148   dadd.o
       222          0          0          0          0        100   ddiv.o
       186          0          0          0          0        176   depilogue.o
        48          0          0          0          0         68   dfixul.o
       228          0          0          0          0         96   dmul.o

    ----------------------------------------------------------------------
      5228        152         64         12          0       2764   Library Totals
         8          0          0          1          0          0   (incl. Padding)

    ----------------------------------------------------------------------

      Code (inc. data)   RO Data    RW Data    ZI Data      Debug   Library Name

      4154        152         64         11          0       2108   mc_w.l
      1066          0          0          0          0        656   mf_w.l

    ----------------------------------------------------------------------
      5228        152         64         12          0       2764   Library Totals

    ----------------------------------------------------------------------

==============================================================================


      Code (inc. data)   RO Data    RW Data    ZI Data      Debug   

     22776       2262        708        364      19548    1002129   Grand Totals
     22776       2262        708         88      19548    1002129   ELF Image Totals (compressed)
     22776       2262        708         88          0          0   ROM Totals

==============================================================================

    Total RO  Size (Code + RO Data)                23484 (  22.93kB)
    Total RW  Size (RW Data + ZI Data)             19912 (  19.45kB)
    Total ROM Size (Code + RO Data + RW Data)      23572 (  23.02kB)

==============================================================================

